Archive member included to satisfy reference by file (symbol)

C:/ST/STM32CubeIDE_1.14.1/STM32CubeIDE/plugins/com.st.stm32cube.ide.mcu.externaltools.gnu-tools-for-stm32.11.3.rel1.win32_1.1.100.202309141235/tools/bin/../lib/gcc/arm-none-eabi/11.3.1/../../../../arm-none-eabi/lib/thumb/v7e-m+fp/hard\libc_nano.a(libc_a-exit.o)
                              C:/ST/STM32CubeIDE_1.14.1/STM32CubeIDE/plugins/com.st.stm32cube.ide.mcu.externaltools.gnu-tools-for-stm32.11.3.rel1.win32_1.1.100.202309141235/tools/bin/../lib/gcc/arm-none-eabi/11.3.1/../../../../arm-none-eabi/lib/thumb/v7e-m+fp/hard/crt0.o (exit)
C:/ST/STM32CubeIDE_1.14.1/STM32CubeIDE/plugins/com.st.stm32cube.ide.mcu.externaltools.gnu-tools-for-stm32.11.3.rel1.win32_1.1.100.202309141235/tools/bin/../lib/gcc/arm-none-eabi/11.3.1/../../../../arm-none-eabi/lib/thumb/v7e-m+fp/hard\libc_nano.a(libc_a-malloc.o)
                              ./Core/Src/LTC681x.o (malloc)
C:/ST/STM32CubeIDE_1.14.1/STM32CubeIDE/plugins/com.st.stm32cube.ide.mcu.externaltools.gnu-tools-for-stm32.11.3.rel1.win32_1.1.100.202309141235/tools/bin/../lib/gcc/arm-none-eabi/11.3.1/../../../../arm-none-eabi/lib/thumb/v7e-m+fp/hard\libc_nano.a(libc_a-mallocr.o)
                              C:/ST/STM32CubeIDE_1.14.1/STM32CubeIDE/plugins/com.st.stm32cube.ide.mcu.externaltools.gnu-tools-for-stm32.11.3.rel1.win32_1.1.100.202309141235/tools/bin/../lib/gcc/arm-none-eabi/11.3.1/../../../../arm-none-eabi/lib/thumb/v7e-m+fp/hard\libc_nano.a(libc_a-malloc.o) (_malloc_r)
C:/ST/STM32CubeIDE_1.14.1/STM32CubeIDE/plugins/com.st.stm32cube.ide.mcu.externaltools.gnu-tools-for-stm32.11.3.rel1.win32_1.1.100.202309141235/tools/bin/../lib/gcc/arm-none-eabi/11.3.1/../../../../arm-none-eabi/lib/thumb/v7e-m+fp/hard\libc_nano.a(libc_a-mlock.o)
                              C:/ST/STM32CubeIDE_1.14.1/STM32CubeIDE/plugins/com.st.stm32cube.ide.mcu.externaltools.gnu-tools-for-stm32.11.3.rel1.win32_1.1.100.202309141235/tools/bin/../lib/gcc/arm-none-eabi/11.3.1/../../../../arm-none-eabi/lib/thumb/v7e-m+fp/hard\libc_nano.a(libc_a-mallocr.o) (__malloc_lock)
C:/ST/STM32CubeIDE_1.14.1/STM32CubeIDE/plugins/com.st.stm32cube.ide.mcu.externaltools.gnu-tools-for-stm32.11.3.rel1.win32_1.1.100.202309141235/tools/bin/../lib/gcc/arm-none-eabi/11.3.1/../../../../arm-none-eabi/lib/thumb/v7e-m+fp/hard\libc_nano.a(libc_a-findfp.o)
                              C:/ST/STM32CubeIDE_1.14.1/STM32CubeIDE/plugins/com.st.stm32cube.ide.mcu.externaltools.gnu-tools-for-stm32.11.3.rel1.win32_1.1.100.202309141235/tools/bin/../lib/gcc/arm-none-eabi/11.3.1/../../../../arm-none-eabi/lib/thumb/v7e-m+fp/hard\libc_nano.a(libc_a-exit.o) (__stdio_exit_handler)
C:/ST/STM32CubeIDE_1.14.1/STM32CubeIDE/plugins/com.st.stm32cube.ide.mcu.externaltools.gnu-tools-for-stm32.11.3.rel1.win32_1.1.100.202309141235/tools/bin/../lib/gcc/arm-none-eabi/11.3.1/../../../../arm-none-eabi/lib/thumb/v7e-m+fp/hard\libc_nano.a(libc_a-fwalk.o)
                              C:/ST/STM32CubeIDE_1.14.1/STM32CubeIDE/plugins/com.st.stm32cube.ide.mcu.externaltools.gnu-tools-for-stm32.11.3.rel1.win32_1.1.100.202309141235/tools/bin/../lib/gcc/arm-none-eabi/11.3.1/../../../../arm-none-eabi/lib/thumb/v7e-m+fp/hard\libc_nano.a(libc_a-findfp.o) (_fwalk_sglue)
C:/ST/STM32CubeIDE_1.14.1/STM32CubeIDE/plugins/com.st.stm32cube.ide.mcu.externaltools.gnu-tools-for-stm32.11.3.rel1.win32_1.1.100.202309141235/tools/bin/../lib/gcc/arm-none-eabi/11.3.1/../../../../arm-none-eabi/lib/thumb/v7e-m+fp/hard\libc_nano.a(libc_a-stdio.o)
                              C:/ST/STM32CubeIDE_1.14.1/STM32CubeIDE/plugins/com.st.stm32cube.ide.mcu.externaltools.gnu-tools-for-stm32.11.3.rel1.win32_1.1.100.202309141235/tools/bin/../lib/gcc/arm-none-eabi/11.3.1/../../../../arm-none-eabi/lib/thumb/v7e-m+fp/hard\libc_nano.a(libc_a-findfp.o) (__sread)
C:/ST/STM32CubeIDE_1.14.1/STM32CubeIDE/plugins/com.st.stm32cube.ide.mcu.externaltools.gnu-tools-for-stm32.11.3.rel1.win32_1.1.100.202309141235/tools/bin/../lib/gcc/arm-none-eabi/11.3.1/../../../../arm-none-eabi/lib/thumb/v7e-m+fp/hard\libc_nano.a(libc_a-memset.o)
                              C:/ST/STM32CubeIDE_1.14.1/STM32CubeIDE/plugins/com.st.stm32cube.ide.mcu.externaltools.gnu-tools-for-stm32.11.3.rel1.win32_1.1.100.202309141235/tools/bin/../lib/gcc/arm-none-eabi/11.3.1/../../../../arm-none-eabi/lib/thumb/v7e-m+fp/hard/crt0.o (memset)
C:/ST/STM32CubeIDE_1.14.1/STM32CubeIDE/plugins/com.st.stm32cube.ide.mcu.externaltools.gnu-tools-for-stm32.11.3.rel1.win32_1.1.100.202309141235/tools/bin/../lib/gcc/arm-none-eabi/11.3.1/../../../../arm-none-eabi/lib/thumb/v7e-m+fp/hard\libc_nano.a(libc_a-closer.o)
                              C:/ST/STM32CubeIDE_1.14.1/STM32CubeIDE/plugins/com.st.stm32cube.ide.mcu.externaltools.gnu-tools-for-stm32.11.3.rel1.win32_1.1.100.202309141235/tools/bin/../lib/gcc/arm-none-eabi/11.3.1/../../../../arm-none-eabi/lib/thumb/v7e-m+fp/hard\libc_nano.a(libc_a-stdio.o) (_close_r)
[...]
Memory Configuration

Name             Origin             Length             Attributes
RAM              0x0000000020000000 0x0000000000008000 xrw
FLASH            0x0000000008000000 0x0000000000020000 xr
*default*        0x0000000000000000 0xffffffffffffffff

Linker script and memory map

LOAD C:/ST/STM32CubeIDE_1.14.1/STM32CubeIDE/plugins/com.st.stm32cube.ide.mcu.externaltools.gnu-tools-for-stm32.11.3.rel1.win32_1.1.100.202309141235/tools/bin/../lib/gcc/arm-none-eabi/11.3.1/thumb/v7e-m+fp/hard/crti.o
LOAD C:/ST/STM32CubeIDE_1.14.1/STM32CubeIDE/plugins/com.st.stm32cube.ide.mcu.externaltools.gnu-tools-for-stm32.11.3.rel1.win32_1.1.100.202309141235/tools/bin/../lib/gcc/arm-none-eabi/11.3.1/thumb/v7e-m+fp/hard/crtbegin.o
LOAD C:/ST/STM32CubeIDE_1.14.1/STM32CubeIDE/plugins/com.st.stm32cube.ide.mcu.externaltools.gnu-tools-for-stm32.11.3.rel1.win32_1.1.100.202309141235/tools/bin/../lib/gcc/arm-none-eabi/11.3.1/../../../../arm-none-eabi/lib/thumb/v7e-m+fp/hard/crt0.o
LOAD ./Core/Src/LTC681x.o
LOAD ./Core/Src/calculations.o
LOAD ./Core/Src/can.o
LOAD ./Core/Src/isoSpi.o
LOAD ./Core/Src/main.o
LOAD ./Core/Src/operation.o
LOAD ./Core/Src/pwm.o
LOAD ./Core/Src/stm32g4xx_hal_msp.o
LOAD ./Core/Src/stm32g4xx_it.o
LOAD ./Core/Src/syscalls.o
LOAD ./Core/Src/sysmem.o
LOAD ./Core/Src/system_stm32g4xx.o
LOAD ./Core/Src/temp_calc.o
LOAD ./Core/Startup/startup_stm32g431kbtx.o
LOAD ./Drivers/STM32G4xx_HAL_Driver/Src/stm32g4xx_hal.o
LOAD ./Drivers/STM32G4xx_HAL_Driver/Src/stm32g4xx_hal_cortex.o
LOAD ./Drivers/STM32G4xx_HAL_Driver/Src/stm32g4xx_hal_dma.o
LOAD ./Drivers/STM32G4xx_HAL_Driver/Src/stm32g4xx_hal_dma_ex.o
LOAD ./Drivers/STM32G4xx_HAL_Driver/Src/stm32g4xx_hal_exti.o
LOAD ./Drivers/STM32G4xx_HAL_Driver/Src/stm32g4xx_hal_fdcan.o
LOAD ./Drivers/STM32G4xx_HAL_Driver/Src/stm32g4xx_hal_flash.o
LOAD ./Drivers/STM32G4xx_HAL_Driver/Src/stm32g4xx_hal_flash_ex.o
LOAD ./Drivers/STM32G4xx_HAL_Driver/Src/stm32g4xx_hal_flash_ramfunc.o
LOAD ./Drivers/STM32G4xx_HAL_Driver/Src/stm32g4xx_hal_gpio.o
LOAD ./Drivers/STM32G4xx_HAL_Driver/Src/stm32g4xx_hal_pwr.o
LOAD ./Drivers/STM32G4xx_HAL_Driver/Src/stm32g4xx_hal_pwr_ex.o
LOAD ./Drivers/STM32G4xx_HAL_Driver/Src/stm32g4xx_hal_rcc.o
LOAD ./Drivers/STM32G4xx_HAL_Driver/Src/stm32g4xx_hal_rcc_ex.o
LOAD ./Drivers/STM32G4xx_HAL_Driver/Src/stm32g4xx_hal_spi.o
LOAD ./Drivers/STM32G4xx_HAL_Driver/Src/stm32g4xx_hal_spi_ex.o
LOAD ./Drivers/STM32G4xx_HAL_Driver/Src/stm32g4xx_hal_tim.o
LOAD ./Drivers/STM32G4xx_HAL_Driver/Src/stm32g4xx_hal_tim_ex.o
LOAD ./Drivers/STM32G4xx_HAL_Driver/Src/stm32g4xx_hal_uart.o
LOAD ./Drivers/STM32G4xx_HAL_Driver/Src/stm32g4xx_hal_uart_ex.o
START GROUP
LOAD C:/ST/STM32CubeIDE_1.14.1/STM32CubeIDE/plugins/com.st.stm32cube.ide.mcu.externaltools.gnu-tools-for-stm32.11.3.rel1.win32_1.1.100.202309141235/tools/bin/../lib/gcc/arm-none-eabi/11.3.1/../../../../arm-none-eabi/lib/thumb/v7e-m+fp/hard\libc_nano.a
LOAD C:/ST/STM32CubeIDE_1.14.1/STM32CubeIDE/plugins/com.st.stm32cube.ide.mcu.externaltools.gnu-tools-for-stm32.11.3.rel1.win32_1.1.100.202309141235/tools/bin/../lib/gcc/arm-none-eabi/11.3.1/../../../../arm-none-eabi/lib/thumb/v7e-m+fp/hard\libm.a
END GROUP
START GROUP
LOAD C:/ST/STM32CubeIDE_1.14.1/STM32CubeIDE/plugins/com.st.stm32cube.ide.mcu.externaltools.gnu-tools-for-stm32.11.3.rel1.win32_1.1.100.202309141235/tools/bin/../lib/gcc/arm-none-eabi/11.3.1/thumb/v7e-m+fp/hard\libgcc.a
LOAD C:/ST/STM32CubeIDE_1.14.1/STM32CubeIDE/plugins/com.st.stm32cube.ide.mcu.externaltools.gnu-tools-for-stm32.11.3.rel1.win32_1.1.100.202309141235/tools/bin/../lib/gcc/arm-none-eabi/11.3.1/../../../../arm-none-eabi/lib/thumb/v7e-m+fp/hard\libc_nano.a
END GROUP
START GROUP
LOAD C:/ST/STM32CubeIDE_1.14.1/STM32CubeIDE/plugins/com.st.stm32cube.ide.mcu.externaltools.gnu-tools-for-stm32.11.3.rel1.win32_1.1.100.202309141235/tools/bin/../lib/gcc/arm-none-eabi/11.3.1/thumb/v7e-m+fp/hard\libgcc.a
LOAD C:/ST/STM32CubeIDE_1.14.1/STM32CubeIDE/plugins/com.st.stm32cube.ide.mcu.externaltools.gnu-tools-for-stm32.11.3.rel1.win32_1.1.100.202309141235/tools/bin/../lib/gcc/arm-none-eabi/11.3.1/../../../../arm-none-eabi/lib/thumb/v7e-m+fp/hard\libc_nano.a
LOAD C:/ST/STM32CubeIDE_1.14.1/STM32CubeIDE/plugins/com.st.stm32cube.ide.mcu.externaltools.gnu-tools-for-stm32.11.3.rel1.win32_1.1.100.202309141235/tools/bin/../lib/gcc/arm-none-eabi/11.3.1/../../../../arm-none-eabi/lib/thumb/v7e-m+fp/hard\libnosys.a
END GROUP
START GROUP
LOAD C:/ST/STM32CubeIDE_1.14.1/STM32CubeIDE/plugins/com.st.stm32cube.ide.mcu.externaltools.gnu-tools-for-stm32.11.3.rel1.win32_1.1.100.202309141235/tools/bin/../lib/gcc/arm-none-eabi/11.3.1/thumb/v7e-m+fp/hard\libgcc.a
LOAD C:/ST/STM32CubeIDE_1.14.1/STM32CubeIDE/plugins/com.st.stm32cube.ide.mcu.externaltools.gnu-tools-for-stm32.11.3.rel1.win32_1.1.100.202309141235/tools/bin/../lib/gcc/arm-none-eabi/11.3.1/../../../../arm-none-eabi/lib/thumb/v7e-m+fp/hard\libc_nano.a
LOAD C:/ST/STM32CubeIDE_1.14.1/STM32CubeIDE/plugins/com.st.stm32cube.ide.mcu.externaltools.gnu-tools-for-stm32.11.3.rel1.win32_1.1.100.202309141235/tools/bin/../lib/gcc/arm-none-eabi/11.3.1/../../../../arm-none-eabi/lib/thumb/v7e-m+fp/hard\libnosys.a
END GROUP
LOAD C:/ST/STM32CubeIDE_1.14.1/STM32CubeIDE/plugins/com.st.stm32cube.ide.mcu.externaltools.gnu-tools-for-stm32.11.3.rel1.win32_1.1.100.202309141235/tools/bin/../lib/gcc/arm-none-eabi/11.3.1/thumb/v7e-m+fp/hard/crtend.o
LOAD C:/ST/STM32CubeIDE_1.14.1/STM32CubeIDE/plugins/com.st.stm32cube.ide.mcu.externaltools.gnu-tools-for-stm32.11.3.rel1.win32_1.1.100.202309141235/tools/bin/../lib/gcc/arm-none-eabi/11.3.1/thumb/v7e-m+fp/hard/crtn.o
                0x0000000020008000                _estack = (ORIGIN (RAM) + LENGTH (RAM))
                0x0000000000000200                _Min_Heap_Size = 0x200
                0x0000000000000400                _Min_Stack_Size = 0x400

.isr_vector     0x0000000008000000      0x1d8
                0x0000000008000000                . = ALIGN (0x4)
 *(.isr_vector)
 .isr_vector    0x0000000008000000      0x1d8 ./Core/Startup/startup_stm32g431kbtx.o
                0x0000000008000000                g_pfnVectors
                0x00000000080001d8                . = ALIGN (0x4)

.text           0x00000000080001d8     0x9124
                0x00000000080001d8                . = ALIGN (0x4)
 *(.text)
 .text          0x00000000080001d8       0x40 C:/ST/STM32CubeIDE_1.14.1/STM32CubeIDE/plugins/com.st.stm32cube.ide.mcu.externaltools.gnu-tools-for-stm32.11.3.rel1.win32_1.1.100.202309141235/tools/bin/../lib/gcc/arm-none-eabi/11.3.1/thumb/v7e-m+fp/hard/crtbegin.o
 .text          0x0000000008000218      0x378 C:/ST/STM32CubeIDE_1.14.1/STM32CubeIDE/plugins/com.st.stm32cube.ide.mcu.externaltools.gnu-tools-for-stm32.11.3.rel1.win32_1.1.100.202309141235/tools/bin/../lib/gcc/arm-none-eabi/11.3.1/thumb/v7e-m+fp/hard\libgcc.a(_arm_addsubdf3.o)
                0x0000000008000218                __aeabi_drsub
                0x0000000008000220                __aeabi_dsub
                0x0000000008000220                __subdf3
                0x0000000008000224                __aeabi_dadd
                0x0000000008000224                __adddf3
                0x000000000800049c                __floatunsidf
                0x000000000800049c                __aeabi_ui2d
                0x00000000080004bc                __floatsidf
                0x00000000080004bc                __aeabi_i2d
                0x00000000080004e0                __aeabi_f2d
                0x00000000080004e0                __extendsfdf2
                0x0000000008000524                __floatundidf
                0x0000000008000524                __aeabi_ul2d
                0x0000000008000534                __floatdidf
                0x0000000008000534                __aeabi_l2d
 .text          0x0000000008000590      0x424 C:/ST/STM32CubeIDE_1.14.1/STM32CubeIDE/plugins/com.st.stm32cube.ide.mcu.externaltools.gnu-tools-for-stm32.11.3.rel1.win32_1.1.100.202309141235/tools/bin/../lib/gcc/arm-none-eabi/11.3.1/thumb/v7e-m+fp/hard\libgcc.a(_arm_muldivdf3.o)
                0x0000000008000590                __aeabi_dmul
                0x0000000008000590                __muldf3
                0x00000000080007e4                __divdf3
                0x00000000080007e4                __aeabi_ddiv
 .text          0x00000000080009b4      0x110 C:/ST/STM32CubeIDE_1.14.1/STM32CubeIDE/plugins/com.st.stm32cube.ide.mcu.externaltools.gnu-tools-for-stm32.11.3.rel1.win32_1.1.100.202309141235/tools/bin/../lib/gcc/arm-none-eabi/11.3.1/thumb/v7e-m+fp/hard\libgcc.a(_arm_cmpdf2.o)
                0x00000000080009b4                __gtdf2
                0x00000000080009b4                __gedf2
                0x00000000080009bc                __ltdf2
                0x00000000080009bc                __ledf2
                0x00000000080009c4                __nedf2
                0x00000000080009c4                __eqdf2
                0x00000000080009c4                __cmpdf2
                0x0000000008000a40                __aeabi_cdrcmple
                0x0000000008000a50                __aeabi_cdcmpeq
                0x0000000008000a50                __aeabi_cdcmple
                0x0000000008000a60                __aeabi_dcmpeq
                0x0000000008000a74                __aeabi_dcmplt
                0x0000000008000a88                __aeabi_dcmple
                0x0000000008000a9c                __aeabi_dcmpge
                0x0000000008000ab0                __aeabi_dcmpgt
 .text          0x0000000008000ac4       0x2c C:/ST/STM32CubeIDE_1.14.1/STM32CubeIDE/plugins/com.st.stm32cube.ide.mcu.externaltools.gnu-tools-for-stm32.11.3.rel1.win32_1.1.100.202309141235/tools/bin/../lib/gcc/arm-none-eabi/11.3.1/thumb/v7e-m+fp/hard\libgcc.a(_arm_unorddf2.o)
                0x0000000008000ac4                __unorddf2
                0x0000000008000ac4                __aeabi_dcmpun
 .text          0x0000000008000af0       0xa0 C:/ST/STM32CubeIDE_1.14.1/STM32CubeIDE/plugins/com.st.stm32cube.ide.mcu.externaltools.gnu-tools-for-stm32.11.3.rel1.win32_1.1.100.202309141235/tools/bin/../lib/gcc/arm-none-eabi/11.3.1/thumb/v7e-m+fp/hard\libgcc.a(_arm_truncdfsf2.o)
                0x0000000008000af0                __truncdfsf2
                0x0000000008000af0                __aeabi_d2f
 .text          0x0000000008000b90       0x30 C:/ST/STM32CubeIDE_1.14.1/STM32CubeIDE/plugins/com.st.stm32cube.ide.mcu.externaltools.gnu-tools-for-stm32.11.3.rel1.win32_1.1.100.202309141235/tools/bin/../lib/gcc/arm-none-eabi/11.3.1/thumb/v7e-m+fp/hard\libgcc.a(_aeabi_uldivmod.o)
                0x0000000008000b90                __aeabi_uldivmod
 .text          0x0000000008000bc0      0x2c8 C:/ST/STM32CubeIDE_1.14.1/STM32CubeIDE/plugins/com.st.stm32cube.ide.mcu.externaltools.gnu-tools-for-stm32.11.3.rel1.win32_1.1.100.202309141235/tools/bin/../lib/gcc/arm-none-eabi/11.3.1/thumb/v7e-m+fp/hard\libgcc.a(_udivmoddi4.o)
                0x0000000008000bc0                __udivmoddi4
 .text          0x0000000008000e88        0x4 C:/ST/STM32CubeIDE_1.14.1/STM32CubeIDE/plugins/com.st.stm32cube.ide.mcu.externaltools.gnu-tools-for-stm32.11.3.rel1.win32_1.1.100.202309141235/tools/bin/../lib/gcc/arm-none-eabi/11.3.1/thumb/v7e-m+fp/hard\libgcc.a(_dvmd_tls.o)
                0x0000000008000e88                __aeabi_idiv0
                0x0000000008000e88                __aeabi_ldiv0
 *(.text*)
 .text.WakeIdle
                0x0000000008000e8c       0x14 ./Core/Src/LTC681x.o
                0x0000000008000e8c                WakeIdle
 .text.WakeUp   0x0000000008000ea0       0x16 ./Core/Src/LTC681x.o
                0x0000000008000ea0                WakeUp
 .text.initialize
                0x0000000008000eb6       0x1c ./Core/Src/LTC681x.o
                0x0000000008000eb6                initialize
 *fill*         0x0000000008000ed2        0x2 
 .text.init     0x0000000008000ed4       0xc4 ./Core/Src/LTC681x.o
                0x0000000008000ed4                init
 .text.pec15_calc
                0x0000000008000f98       0x68 ./Core/Src/LTC681x.o
                0x0000000008000f98                pec15_calc
 .text.wrcfg    0x0000000008001000      0x12c ./Core/Src/LTC681x.o
                0x0000000008001000                wrcfg
 .text.rdcfg    0x000000000800112c      0x132 ./Core/Src/LTC681x.o
                0x000000000800112c                rdcfg
 .text.wrcfgb   0x000000000800125e      0x144 ./Core/Src/LTC681x.o
                0x000000000800125e                wrcfgb
 .text.rdcfgb   0x00000000080013a2      0x152 ./Core/Src/LTC681x.o
                0x00000000080013a2                rdcfgb
 .text.rdcv     0x00000000080014f4      0x2b4 ./Core/Src/LTC681x.o
                0x00000000080014f4                rdcv
 .text.rdcv_reg
                0x00000000080017a8       0xb6 ./Core/Src/LTC681x.o
                0x00000000080017a8                rdcv_reg
 .text.rdaux    0x000000000800185e      0x290 ./Core/Src/LTC681x.o
                0x000000000800185e                rdaux
 .text.adcv_delay
                0x0000000008001aee       0x10 ./Core/Src/LTC681x.o
                0x0000000008001aee                adcv_delay
 .text.adax_delay
                0x0000000008001afe       0x10 ./Core/Src/LTC681x.o
                0x0000000008001afe                adax_delay
 .text.rdaux_reg
                0x0000000008001b0e       0x9c ./Core/Src/LTC681x.o
                0x0000000008001b0e                rdaux_reg
 *fill*         0x0000000008001baa        0x2 
 .text.adcv     0x0000000008001bac       0x48 ./Core/Src/LTC681x.o
                0x0000000008001bac                adcv
 .text.adax     0x0000000008001bf4       0x48 ./Core/Src/LTC681x.o
                0x0000000008001bf4                adax
 .text.calc_sum_of_cells
                0x0000000008001c3c       0x8c ./Core/Src/calculations.o
                0x0000000008001c3c                calc_sum_of_cells
 .text.calculate_soc
                0x0000000008001cc8       0x40 ./Core/Src/calculations.o
                0x0000000008001cc8                calculate_soc
 .text.get_minmax_temperature
                0x0000000008001d08      0x126 ./Core/Src/calculations.o
                0x0000000008001d08                get_minmax_temperature
 .text.get_minmax_voltage
                0x0000000008001e2e      0x130 ./Core/Src/calculations.o
                0x0000000008001e2e                get_minmax_voltage
 .text.build_disch_cfg
                0x0000000008001f5e       0xd4 ./Core/Src/calculations.o
                0x0000000008001f5e                build_disch_cfg
 .text.build_disch_cfgb
                0x0000000008002032       0xd4 ./Core/Src/calculations.o
                0x0000000008002032                build_disch_cfgb
 *fill*         0x0000000008002106        0x2 
 .text.read_IVT_I
                0x0000000008002108       0x60 ./Core/Src/can.o
                0x0000000008002108                read_IVT_I
 .text.read_IVT_U1
                0x0000000008002168       0x60 ./Core/Src/can.o
                0x0000000008002168                read_IVT_U1
 .text.read_IVT_U2
                0x00000000080021c8       0x60 ./Core/Src/can.o
                0x00000000080021c8                read_IVT_U2
 .text.read_IVT_Wh
                0x0000000008002228       0x60 ./Core/Src/can.o
                0x0000000008002228                read_IVT_Wh
 .text.HAL_FDCAN_RxFifo0Callback
                0x0000000008002288       0x9c ./Core/Src/can.o
                0x0000000008002288                HAL_FDCAN_RxFifo0Callback
 .text.CanSend  0x0000000008002324       0x44 ./Core/Src/can.o
                0x0000000008002324                CanSend
 .text.ReadCANBusMessage
                0x0000000008002368       0x58 ./Core/Src/can.o
                0x0000000008002368                ReadCANBusMessage
 .text.Send_cell_data
                0x00000000080023c0       0xe2 ./Core/Src/can.o
                0x00000000080023c0                Send_cell_data
 .text.Send_temp_data
                0x00000000080024a2      0x25c ./Core/Src/can.o
                0x00000000080024a2                Send_temp_data
 *fill*         0x00000000080026fe        0x2 
 .text.Send_Soc
                0x0000000008002700       0xa4 ./Core/Src/can.o
                0x0000000008002700                Send_Soc
 .text.delay_u  0x00000000080027a4       0x68 ./Core/Src/isoSpi.o
                0x00000000080027a4                delay_u
 .text.spi_write_read_byte
                0x000000000800280c       0x44 ./Core/Src/isoSpi.o
                0x000000000800280c                spi_write_read_byte
 .text.spi_write_array
                0x0000000008002850       0x44 ./Core/Src/isoSpi.o
                0x0000000008002850                spi_write_array
 .text.spi_write_then_read_array_ltc
                0x0000000008002894       0x58 ./Core/Src/isoSpi.o
                0x0000000008002894                spi_write_then_read_array_ltc
 .text.main     0x00000000080028ec       0x60 ./Core/Src/main.o
                0x00000000080028ec                main
 .text.SystemClock_Config
                0x000000000800294c       0x80 ./Core/Src/main.o
                0x000000000800294c                SystemClock_Config
 .text.MX_FDCAN1_Init
                0x00000000080029cc      0x1c4 ./Core/Src/main.o
 .text.MX_SPI1_Init
                0x0000000008002b90       0x7c ./Core/Src/main.o
 .text.MX_TIM8_Init
                0x0000000008002c0c      0x160 ./Core/Src/main.o
 .text.MX_USART2_UART_Init
                0x0000000008002d6c       0x98 ./Core/Src/main.o
 .text.MX_GPIO_Init
                0x0000000008002e04       0xb4 ./Core/Src/main.o
 .text.Error_Handler
                0x0000000008002eb8       0x12 ./Core/Src/main.o
                0x0000000008002eb8                Error_Handler
 *fill*         0x0000000008002eca        0x2 
 .text.operation_main
                0x0000000008002ecc      0x108 ./Core/Src/operation.o
                0x0000000008002ecc                operation_main
 .text.open_AIR
                0x0000000008002fd4       0x24 ./Core/Src/operation.o
                0x0000000008002fd4                open_AIR
 .text.close_AIR
                0x0000000008002ff8       0x24 ./Core/Src/operation.o
                0x0000000008002ff8                close_AIR
 .text.close_PRE
                0x000000000800301c       0x24 ./Core/Src/operation.o
                0x000000000800301c                close_PRE
 .text.open_PRE
                0x0000000008003040       0x24 ./Core/Src/operation.o
                0x0000000008003040                open_PRE
 .text.AMS_OK   0x0000000008003064       0x62 ./Core/Src/operation.o
                0x0000000008003064                AMS_OK
 *fill*         0x00000000080030c6        0x2 
 .text.charge_routine
                0x00000000080030c8       0xe8 ./Core/Src/operation.o
                0x00000000080030c8                charge_routine
 .text.core_routine
                0x00000000080031b0       0xd4 ./Core/Src/operation.o
                0x00000000080031b0                core_routine
 .text.precharge_compare
                0x0000000008003284       0xd0 ./Core/Src/operation.o
                0x0000000008003284                precharge_compare
 .text.check_voltage_match
                0x0000000008003354       0x78 ./Core/Src/operation.o
                0x0000000008003354                check_voltage_match
 .text.balance_routine
                0x00000000080033cc       0x44 ./Core/Src/operation.o
                0x00000000080033cc                balance_routine
 .text.empty_disch_cfg
                0x0000000008003410       0x80 ./Core/Src/operation.o
                0x0000000008003410                empty_disch_cfg
 .text.read_cell_voltage
                0x0000000008003490       0x5c ./Core/Src/operation.o
                0x0000000008003490                read_cell_voltage
 .text.read_temp_measurement
                0x00000000080034ec       0x64 ./Core/Src/operation.o
                0x00000000080034ec                read_temp_measurement
 .text.init_slave_cfg
                0x0000000008003550       0xa0 ./Core/Src/operation.o
                0x0000000008003550                init_slave_cfg
 .text.cfg_slaves
                0x00000000080035f0       0x48 ./Core/Src/operation.o
                0x00000000080035f0                cfg_slaves
 .text.increase_pec_counter
                0x0000000008003638       0x40 ./Core/Src/operation.o
                0x0000000008003638                increase_pec_counter
 .text.goto_safe_state
                0x0000000008003678       0x1a ./Core/Src/operation.o
                0x0000000008003678                goto_safe_state
 .text.test_limp
                0x0000000008003692       0x6c ./Core/Src/operation.o
                0x0000000008003692                test_limp
 *fill*         0x00000000080036fe        0x2 
 .text.set_fan_duty_cycle
                0x0000000008003700       0x34 ./Core/Src/pwm.o
                0x0000000008003700                set_fan_duty_cycle
 .text.HAL_MspInit
                0x0000000008003734       0x48 ./Core/Src/stm32g4xx_hal_msp.o
                0x0000000008003734                HAL_MspInit
 .text.HAL_FDCAN_MspInit
                0x000000000800377c       0xc4 ./Core/Src/stm32g4xx_hal_msp.o
                0x000000000800377c                HAL_FDCAN_MspInit
 .text.HAL_SPI_MspInit
                0x0000000008003840       0x84 ./Core/Src/stm32g4xx_hal_msp.o
                0x0000000008003840                HAL_SPI_MspInit
 .text.HAL_TIM_Base_MspInit
                0x00000000080038c4       0x40 ./Core/Src/stm32g4xx_hal_msp.o
                0x00000000080038c4                HAL_TIM_Base_MspInit
 .text.HAL_TIM_MspPostInit
                0x0000000008003904       0x70 ./Core/Src/stm32g4xx_hal_msp.o
                0x0000000008003904                HAL_TIM_MspPostInit
 .text.HAL_UART_MspInit
                0x0000000008003974       0xb0 ./Core/Src/stm32g4xx_hal_msp.o
                0x0000000008003974                HAL_UART_MspInit
 .text.NMI_Handler
                0x0000000008003a24        0x6 ./Core/Src/stm32g4xx_it.o
                0x0000000008003a24                NMI_Handler
 .text.HardFault_Handler
                0x0000000008003a2a        0x6 ./Core/Src/stm32g4xx_it.o
                0x0000000008003a2a                HardFault_Handler
 .text.MemManage_Handler
                0x0000000008003a30        0x6 ./Core/Src/stm32g4xx_it.o
                0x0000000008003a30                MemManage_Handler
 .text.BusFault_Handler
                0x0000000008003a36        0x6 ./Core/Src/stm32g4xx_it.o
                0x0000000008003a36                BusFault_Handler
 .text.UsageFault_Handler
                0x0000000008003a3c        0x6 ./Core/Src/stm32g4xx_it.o
                0x0000000008003a3c                UsageFault_Handler
 .text.SVC_Handler
                0x0000000008003a42        0xe ./Core/Src/stm32g4xx_it.o
                0x0000000008003a42                SVC_Handler
 .text.DebugMon_Handler
                0x0000000008003a50        0xe ./Core/Src/stm32g4xx_it.o
                0x0000000008003a50                DebugMon_Handler
 .text.PendSV_Handler
                0x0000000008003a5e        0xe ./Core/Src/stm32g4xx_it.o
                0x0000000008003a5e                PendSV_Handler
 .text.SysTick_Handler
                0x0000000008003a6c        0xc ./Core/Src/stm32g4xx_it.o
                0x0000000008003a6c                SysTick_Handler
 .text.FDCAN1_IT0_IRQHandler
                0x0000000008003a78       0x14 ./Core/Src/stm32g4xx_it.o
                0x0000000008003a78                FDCAN1_IT0_IRQHandler
 .text.SystemInit
                0x0000000008003a8c       0x24 ./Core/Src/system_stm32g4xx.o
                0x0000000008003a8c                SystemInit
 .text.temp_calc
                0x0000000008003ab0      0x2d8 ./Core/Src/temp_calc.o
                0x0000000008003ab0                temp_calc
 .text.Reset_Handler
                0x0000000008003d88       0x50 ./Core/Startup/startup_stm32g431kbtx.o
                0x0000000008003d88                Reset_Handler
 .text.Default_Handler
                0x0000000008003dd8        0x2 ./Core/Startup/startup_stm32g431kbtx.o
                0x0000000008003dd8                RTC_Alarm_IRQHandler
                0x0000000008003dd8                EXTI2_IRQHandler
                0x0000000008003dd8                TIM8_TRG_COM_IRQHandler
                0x0000000008003dd8                TIM8_CC_IRQHandler
                0x0000000008003dd8                TIM1_CC_IRQHandler
                0x0000000008003dd8                USB_HP_IRQHandler
                0x0000000008003dd8                CORDIC_IRQHandler
                0x0000000008003dd8                EXTI3_IRQHandler
                0x0000000008003dd8                I2C3_ER_IRQHandler
                0x0000000008003dd8                EXTI0_IRQHandler
                0x0000000008003dd8                I2C2_EV_IRQHandler
                0x0000000008003dd8                FPU_IRQHandler
                0x0000000008003dd8                FDCAN1_IT1_IRQHandler
                0x0000000008003dd8                TIM1_UP_TIM16_IRQHandler
                0x0000000008003dd8                ADC1_2_IRQHandler
                0x0000000008003dd8                SPI1_IRQHandler
                0x0000000008003dd8                TIM6_DAC_IRQHandler
                0x0000000008003dd8                TIM8_UP_IRQHandler
                0x0000000008003dd8                DMA2_Channel2_IRQHandler
                0x0000000008003dd8                DMA1_Channel4_IRQHandler
                0x0000000008003dd8                USART3_IRQHandler
                0x0000000008003dd8                TIM4_IRQHandler
                0x0000000008003dd8                DMA2_Channel1_IRQHandler
                0x0000000008003dd8                I2C1_EV_IRQHandler
                0x0000000008003dd8                DMA1_Channel6_IRQHandler
                0x0000000008003dd8                UART4_IRQHandler
                0x0000000008003dd8                DMA2_Channel4_IRQHandler
                0x0000000008003dd8                TIM3_IRQHandler
                0x0000000008003dd8                RCC_IRQHandler
                0x0000000008003dd8                DMA1_Channel1_IRQHandler
                0x0000000008003dd8                Default_Handler
                0x0000000008003dd8                RTC_TAMP_LSECSS_IRQHandler
                0x0000000008003dd8                FMAC_IRQHandler
                0x0000000008003dd8                EXTI15_10_IRQHandler
                0x0000000008003dd8                TIM7_IRQHandler
                0x0000000008003dd8                UCPD1_IRQHandler
                0x0000000008003dd8                I2C3_EV_IRQHandler
                0x0000000008003dd8                EXTI9_5_IRQHandler
                0x0000000008003dd8                RTC_WKUP_IRQHandler
                0x0000000008003dd8                PVD_PVM_IRQHandler
                0x0000000008003dd8                SPI2_IRQHandler
                0x0000000008003dd8                DMA2_Channel5_IRQHandler
                0x0000000008003dd8                CRS_IRQHandler
                0x0000000008003dd8                DMA1_Channel5_IRQHandler
                0x0000000008003dd8                USB_LP_IRQHandler
                0x0000000008003dd8                EXTI4_IRQHandler
                0x0000000008003dd8                RNG_IRQHandler
                0x0000000008003dd8                TIM1_TRG_COM_TIM17_IRQHandler
                0x0000000008003dd8                DMA1_Channel3_IRQHandler
                0x0000000008003dd8                WWDG_IRQHandler
                0x0000000008003dd8                LPUART1_IRQHandler
                0x0000000008003dd8                DMA2_Channel6_IRQHandler
                0x0000000008003dd8                TIM2_IRQHandler
                0x0000000008003dd8                COMP1_2_3_IRQHandler
                0x0000000008003dd8                EXTI1_IRQHandler
                0x0000000008003dd8                USART2_IRQHandler
                0x0000000008003dd8                I2C2_ER_IRQHandler
                0x0000000008003dd8                DMA1_Channel2_IRQHandler
                0x0000000008003dd8                TIM8_BRK_IRQHandler
                0x0000000008003dd8                FLASH_IRQHandler
                0x0000000008003dd8                USART1_IRQHandler
                0x0000000008003dd8                SPI3_IRQHandler
                0x0000000008003dd8                I2C1_ER_IRQHandler
                0x0000000008003dd8                LPTIM1_IRQHandler
                0x0000000008003dd8                DMAMUX_OVR_IRQHandler
                0x0000000008003dd8                USBWakeUp_IRQHandler
                0x0000000008003dd8                SAI1_IRQHandler
                0x0000000008003dd8                DMA2_Channel3_IRQHandler
                0x0000000008003dd8                COMP4_IRQHandler
                0x0000000008003dd8                TIM1_BRK_TIM15_IRQHandler
 .text.HAL_Init
                0x0000000008003dda       0x30 ./Drivers/STM32G4xx_HAL_Driver/Src/stm32g4xx_hal.o
                0x0000000008003dda                HAL_Init
 *fill*         0x0000000008003e0a        0x2 
 .text.HAL_InitTick
                0x0000000008003e0c       0x74 ./Drivers/STM32G4xx_HAL_Driver/Src/stm32g4xx_hal.o
                0x0000000008003e0c                HAL_InitTick
 .text.HAL_IncTick
                0x0000000008003e80       0x24 ./Drivers/STM32G4xx_HAL_Driver/Src/stm32g4xx_hal.o
                0x0000000008003e80                HAL_IncTick
 .text.HAL_GetTick
                0x0000000008003ea4       0x18 ./Drivers/STM32G4xx_HAL_Driver/Src/stm32g4xx_hal.o
                0x0000000008003ea4                HAL_GetTick
 .text.HAL_Delay
                0x0000000008003ebc       0x44 ./Drivers/STM32G4xx_HAL_Driver/Src/stm32g4xx_hal.o
                0x0000000008003ebc                HAL_Delay
 .text.__NVIC_SetPriorityGrouping
                0x0000000008003f00       0x48 ./Drivers/STM32G4xx_HAL_Driver/Src/stm32g4xx_hal_cortex.o
 .text.__NVIC_GetPriorityGrouping
                0x0000000008003f48       0x1c ./Drivers/STM32G4xx_HAL_Driver/Src/stm32g4xx_hal_cortex.o
 .text.__NVIC_EnableIRQ
                0x0000000008003f64       0x3c ./Drivers/STM32G4xx_HAL_Driver/Src/stm32g4xx_hal_cortex.o
 .text.__NVIC_SetPriority
                0x0000000008003fa0       0x54 ./Drivers/STM32G4xx_HAL_Driver/Src/stm32g4xx_hal_cortex.o
 .text.NVIC_EncodePriority
                0x0000000008003ff4       0x66 ./Drivers/STM32G4xx_HAL_Driver/Src/stm32g4xx_hal_cortex.o
 *fill*         0x000000000800405a        0x2 
 .text.SysTick_Config
                0x000000000800405c       0x44 ./Drivers/STM32G4xx_HAL_Driver/Src/stm32g4xx_hal_cortex.o
 .text.HAL_NVIC_SetPriorityGrouping
                0x00000000080040a0       0x16 ./Drivers/STM32G4xx_HAL_Driver/Src/stm32g4xx_hal_cortex.o
                0x00000000080040a0                HAL_NVIC_SetPriorityGrouping
 .text.HAL_NVIC_SetPriority
                0x00000000080040b6       0x34 ./Drivers/STM32G4xx_HAL_Driver/Src/stm32g4xx_hal_cortex.o
                0x00000000080040b6                HAL_NVIC_SetPriority
 .text.HAL_NVIC_EnableIRQ
                0x00000000080040ea       0x1c ./Drivers/STM32G4xx_HAL_Driver/Src/stm32g4xx_hal_cortex.o
                0x00000000080040ea                HAL_NVIC_EnableIRQ
 .text.HAL_SYSTICK_Config
                0x0000000008004106       0x18 ./Drivers/STM32G4xx_HAL_Driver/Src/stm32g4xx_hal_cortex.o
                0x0000000008004106                HAL_SYSTICK_Config
 *fill*         0x000000000800411e        0x2 
 .text.HAL_FDCAN_Init
                0x0000000008004120      0x2b4 ./Drivers/STM32G4xx_HAL_Driver/Src/stm32g4xx_hal_fdcan.o
                0x0000000008004120                HAL_FDCAN_Init
 .text.HAL_FDCAN_ConfigFilter
                0x00000000080043d4       0xb4 ./Drivers/STM32G4xx_HAL_Driver/Src/stm32g4xx_hal_fdcan.o
                0x00000000080043d4                HAL_FDCAN_ConfigFilter
 .text.HAL_FDCAN_ConfigGlobalFilter
                0x0000000008004488       0x62 ./Drivers/STM32G4xx_HAL_Driver/Src/stm32g4xx_hal_fdcan.o
                0x0000000008004488                HAL_FDCAN_ConfigGlobalFilter
 .text.HAL_FDCAN_ConfigRxFifoOverwrite
                0x00000000080044ea       0x72 ./Drivers/STM32G4xx_HAL_Driver/Src/stm32g4xx_hal_fdcan.o
                0x00000000080044ea                HAL_FDCAN_ConfigRxFifoOverwrite
 .text.HAL_FDCAN_Start
                0x000000000800455c       0x50 ./Drivers/STM32G4xx_HAL_Driver/Src/stm32g4xx_hal_fdcan.o
                0x000000000800455c                HAL_FDCAN_Start
 .text.HAL_FDCAN_AddMessageToTxFifoQ
                0x00000000080045ac       0x88 ./Drivers/STM32G4xx_HAL_Driver/Src/stm32g4xx_hal_fdcan.o
                0x00000000080045ac                HAL_FDCAN_AddMessageToTxFifoQ
 .text.HAL_FDCAN_GetRxMessage
                0x0000000008004634      0x210 ./Drivers/STM32G4xx_HAL_Driver/Src/stm32g4xx_hal_fdcan.o
                0x0000000008004634                HAL_FDCAN_GetRxMessage
 .text.HAL_FDCAN_GetTxFifoFreeLevel
                0x0000000008004844       0x24 ./Drivers/STM32G4xx_HAL_Driver/Src/stm32g4xx_hal_fdcan.o
                0x0000000008004844                HAL_FDCAN_GetTxFifoFreeLevel
 .text.HAL_FDCAN_ActivateNotification
                0x0000000008004868      0x1cc ./Drivers/STM32G4xx_HAL_Driver/Src/stm32g4xx_hal_fdcan.o
                0x0000000008004868                HAL_FDCAN_ActivateNotification
 .text.HAL_FDCAN_IRQHandler
                0x0000000008004a34      0x24a ./Drivers/STM32G4xx_HAL_Driver/Src/stm32g4xx_hal_fdcan.o
                0x0000000008004a34                HAL_FDCAN_IRQHandler
 .text.HAL_FDCAN_TxEventFifoCallback
                0x0000000008004c7e       0x16 ./Drivers/STM32G4xx_HAL_Driver/Src/stm32g4xx_hal_fdcan.o
                0x0000000008004c7e                HAL_FDCAN_TxEventFifoCallback
 .text.HAL_FDCAN_RxFifo1Callback
                0x0000000008004c94       0x16 ./Drivers/STM32G4xx_HAL_Driver/Src/stm32g4xx_hal_fdcan.o
                0x0000000008004c94                HAL_FDCAN_RxFifo1Callback
 .text.HAL_FDCAN_TxFifoEmptyCallback
                0x0000000008004caa       0x14 ./Drivers/STM32G4xx_HAL_Driver/Src/stm32g4xx_hal_fdcan.o
                0x0000000008004caa                HAL_FDCAN_TxFifoEmptyCallback
 .text.HAL_FDCAN_TxBufferCompleteCallback
                0x0000000008004cbe       0x16 ./Drivers/STM32G4xx_HAL_Driver/Src/stm32g4xx_hal_fdcan.o
                0x0000000008004cbe                HAL_FDCAN_TxBufferCompleteCallback
 .text.HAL_FDCAN_TxBufferAbortCallback
                0x0000000008004cd4       0x16 ./Drivers/STM32G4xx_HAL_Driver/Src/stm32g4xx_hal_fdcan.o
                0x0000000008004cd4                HAL_FDCAN_TxBufferAbortCallback
 .text.HAL_FDCAN_TimestampWraparoundCallback
                0x0000000008004cea       0x14 ./Drivers/STM32G4xx_HAL_Driver/Src/stm32g4xx_hal_fdcan.o
                0x0000000008004cea                HAL_FDCAN_TimestampWraparoundCallback
 .text.HAL_FDCAN_TimeoutOccurredCallback
                0x0000000008004cfe       0x14 ./Drivers/STM32G4xx_HAL_Driver/Src/stm32g4xx_hal_fdcan.o
                0x0000000008004cfe                HAL_FDCAN_TimeoutOccurredCallback
 .text.HAL_FDCAN_HighPriorityMessageCallback
                0x0000000008004d12       0x14 ./Drivers/STM32G4xx_HAL_Driver/Src/stm32g4xx_hal_fdcan.o
                0x0000000008004d12                HAL_FDCAN_HighPriorityMessageCallback
 .text.HAL_FDCAN_ErrorCallback
                0x0000000008004d26       0x14 ./Drivers/STM32G4xx_HAL_Driver/Src/stm32g4xx_hal_fdcan.o
                0x0000000008004d26                HAL_FDCAN_ErrorCallback
 .text.HAL_FDCAN_ErrorStatusCallback
                0x0000000008004d3a       0x16 ./Drivers/STM32G4xx_HAL_Driver/Src/stm32g4xx_hal_fdcan.o
                0x0000000008004d3a                HAL_FDCAN_ErrorStatusCallback
 .text.FDCAN_CalcultateRamBlockAddresses
                0x0000000008004d50       0xac ./Drivers/STM32G4xx_HAL_Driver/Src/stm32g4xx_hal_fdcan.o
 .text.FDCAN_CopyMessageToRAM
                0x0000000008004dfc       0xf8 ./Drivers/STM32G4xx_HAL_Driver/Src/stm32g4xx_hal_fdcan.o
 .text.HAL_GPIO_Init
                0x0000000008004ef4      0x304 ./Drivers/STM32G4xx_HAL_Driver/Src/stm32g4xx_hal_gpio.o
                0x0000000008004ef4                HAL_GPIO_Init
 .text.HAL_GPIO_ReadPin
                0x00000000080051f8       0x30 ./Drivers/STM32G4xx_HAL_Driver/Src/stm32g4xx_hal_gpio.o
                0x00000000080051f8                HAL_GPIO_ReadPin
 .text.HAL_GPIO_WritePin
                0x0000000008005228       0x30 ./Drivers/STM32G4xx_HAL_Driver/Src/stm32g4xx_hal_gpio.o
                0x0000000008005228                HAL_GPIO_WritePin
 .text.HAL_PWREx_ControlVoltageScaling
                0x0000000008005258      0x148 ./Drivers/STM32G4xx_HAL_Driver/Src/stm32g4xx_hal_pwr_ex.o
                0x0000000008005258                HAL_PWREx_ControlVoltageScaling
 .text.HAL_RCC_OscConfig
                0x00000000080053a0      0x624 ./Drivers/STM32G4xx_HAL_Driver/Src/stm32g4xx_hal_rcc.o
                0x00000000080053a0                HAL_RCC_OscConfig
 .text.HAL_RCC_ClockConfig
                0x00000000080059c4      0x278 ./Drivers/STM32G4xx_HAL_Driver/Src/stm32g4xx_hal_rcc.o
                0x00000000080059c4                HAL_RCC_ClockConfig
 .text.HAL_RCC_GetSysClockFreq
                0x0000000008005c3c       0xc4 ./Drivers/STM32G4xx_HAL_Driver/Src/stm32g4xx_hal_rcc.o
                0x0000000008005c3c                HAL_RCC_GetSysClockFreq
 .text.HAL_RCC_GetHCLKFreq
                0x0000000008005d00       0x18 ./Drivers/STM32G4xx_HAL_Driver/Src/stm32g4xx_hal_rcc.o
                0x0000000008005d00                HAL_RCC_GetHCLKFreq
 .text.HAL_RCC_GetPCLK1Freq
                0x0000000008005d18       0x2c ./Drivers/STM32G4xx_HAL_Driver/Src/stm32g4xx_hal_rcc.o
                0x0000000008005d18                HAL_RCC_GetPCLK1Freq
 .text.HAL_RCC_GetPCLK2Freq
                0x0000000008005d44       0x2c ./Drivers/STM32G4xx_HAL_Driver/Src/stm32g4xx_hal_rcc.o
                0x0000000008005d44                HAL_RCC_GetPCLK2Freq
 .text.RCC_GetSysClockFreqFromPLLSource
                0x0000000008005d70       0x8c ./Drivers/STM32G4xx_HAL_Driver/Src/stm32g4xx_hal_rcc.o
 .text.HAL_RCCEx_PeriphCLKConfig
                0x0000000008005dfc      0x3e0 ./Drivers/STM32G4xx_HAL_Driver/Src/stm32g4xx_hal_rcc_ex.o
                0x0000000008005dfc                HAL_RCCEx_PeriphCLKConfig
 .text.HAL_SPI_Init
                0x00000000080061dc      0x156 ./Drivers/STM32G4xx_HAL_Driver/Src/stm32g4xx_hal_spi.o
                0x00000000080061dc                HAL_SPI_Init
 .text.HAL_SPI_Transmit
                0x0000000008006332      0x2ea ./Drivers/STM32G4xx_HAL_Driver/Src/stm32g4xx_hal_spi.o
                0x0000000008006332                HAL_SPI_Transmit
 .text.HAL_SPI_Receive
                0x000000000800661c      0x26e ./Drivers/STM32G4xx_HAL_Driver/Src/stm32g4xx_hal_spi.o
                0x000000000800661c                HAL_SPI_Receive
 .text.HAL_SPI_TransmitReceive
                0x000000000800688a      0x444 ./Drivers/STM32G4xx_HAL_Driver/Src/stm32g4xx_hal_spi.o
                0x000000000800688a                HAL_SPI_TransmitReceive
 *fill*         0x0000000008006cce        0x2 
 .text.SPI_WaitFlagStateUntilTimeout
                0x0000000008006cd0      0x110 ./Drivers/STM32G4xx_HAL_Driver/Src/stm32g4xx_hal_spi.o
 .text.SPI_WaitFifoStateUntilTimeout
                0x0000000008006de0      0x12c ./Drivers/STM32G4xx_HAL_Driver/Src/stm32g4xx_hal_spi.o
 .text.SPI_EndRxTransaction
                0x0000000008006f0c       0xb0 ./Drivers/STM32G4xx_HAL_Driver/Src/stm32g4xx_hal_spi.o
 .text.SPI_EndRxTxTransaction
                0x0000000008006fbc       0x8c ./Drivers/STM32G4xx_HAL_Driver/Src/stm32g4xx_hal_spi.o
 .text.HAL_TIM_Base_Init
                0x0000000008007048       0xae ./Drivers/STM32G4xx_HAL_Driver/Src/stm32g4xx_hal_tim.o
                0x0000000008007048                HAL_TIM_Base_Init
 .text.HAL_TIM_PWM_Init
                0x00000000080070f6       0xae ./Drivers/STM32G4xx_HAL_Driver/Src/stm32g4xx_hal_tim.o
                0x00000000080070f6                HAL_TIM_PWM_Init
 .text.HAL_TIM_PWM_MspInit
                0x00000000080071a4       0x14 ./Drivers/STM32G4xx_HAL_Driver/Src/stm32g4xx_hal_tim.o
                0x00000000080071a4                HAL_TIM_PWM_MspInit
 .text.HAL_TIM_PWM_ConfigChannel
                0x00000000080071b8      0x228 ./Drivers/STM32G4xx_HAL_Driver/Src/stm32g4xx_hal_tim.o
                0x00000000080071b8                HAL_TIM_PWM_ConfigChannel
 .text.HAL_TIM_ConfigClockSource
                0x00000000080073e0      0x1f4 ./Drivers/STM32G4xx_HAL_Driver/Src/stm32g4xx_hal_tim.o
                0x00000000080073e0                HAL_TIM_ConfigClockSource
 .text.TIM_Base_SetConfig
                0x00000000080075d4      0x138 ./Drivers/STM32G4xx_HAL_Driver/Src/stm32g4xx_hal_tim.o
                0x00000000080075d4                TIM_Base_SetConfig
 .text.TIM_OC1_SetConfig
                0x000000000800770c      0x120 ./Drivers/STM32G4xx_HAL_Driver/Src/stm32g4xx_hal_tim.o
 .text.TIM_OC2_SetConfig
                0x000000000800782c      0x114 ./Drivers/STM32G4xx_HAL_Driver/Src/stm32g4xx_hal_tim.o
                0x000000000800782c                TIM_OC2_SetConfig
 .text.TIM_OC3_SetConfig
                0x0000000008007940      0x110 ./Drivers/STM32G4xx_HAL_Driver/Src/stm32g4xx_hal_tim.o
 .text.TIM_OC4_SetConfig
                0x0000000008007a50      0x114 ./Drivers/STM32G4xx_HAL_Driver/Src/stm32g4xx_hal_tim.o
 .text.TIM_OC5_SetConfig
                0x0000000008007b64       0xc8 ./Drivers/STM32G4xx_HAL_Driver/Src/stm32g4xx_hal_tim.o
 .text.TIM_OC6_SetConfig
                0x0000000008007c2c       0xcc ./Drivers/STM32G4xx_HAL_Driver/Src/stm32g4xx_hal_tim.o
 .text.TIM_TI1_ConfigInputStage
                0x0000000008007cf8       0x5e ./Drivers/STM32G4xx_HAL_Driver/Src/stm32g4xx_hal_tim.o
 .text.TIM_TI2_ConfigInputStage
                0x0000000008007d56       0x60 ./Drivers/STM32G4xx_HAL_Driver/Src/stm32g4xx_hal_tim.o
 .text.TIM_ITRx_SetConfig
                0x0000000008007db6       0x3a ./Drivers/STM32G4xx_HAL_Driver/Src/stm32g4xx_hal_tim.o
 .text.TIM_ETR_SetConfig
                0x0000000008007df0       0x40 ./Drivers/STM32G4xx_HAL_Driver/Src/stm32g4xx_hal_tim.o
                0x0000000008007df0                TIM_ETR_SetConfig
 .text.HAL_TIMEx_PWMN_Start
                0x0000000008007e30      0x168 ./Drivers/STM32G4xx_HAL_Driver/Src/stm32g4xx_hal_tim_ex.o
                0x0000000008007e30                HAL_TIMEx_PWMN_Start
 .text.HAL_TIMEx_MasterConfigSynchronization
                0x0000000008007f98      0x104 ./Drivers/STM32G4xx_HAL_Driver/Src/stm32g4xx_hal_tim_ex.o
                0x0000000008007f98                HAL_TIMEx_MasterConfigSynchronization
 .text.HAL_TIMEx_ConfigBreakDeadTime
                0x000000000800809c      0x118 ./Drivers/STM32G4xx_HAL_Driver/Src/stm32g4xx_hal_tim_ex.o
                0x000000000800809c                HAL_TIMEx_ConfigBreakDeadTime
 .text.TIM_CCxNChannelCmd
                0x00000000080081b4       0x4a ./Drivers/STM32G4xx_HAL_Driver/Src/stm32g4xx_hal_tim_ex.o
 .text.HAL_UART_Init
                0x00000000080081fe       0xa0 ./Drivers/STM32G4xx_HAL_Driver/Src/stm32g4xx_hal_uart.o
                0x00000000080081fe                HAL_UART_Init
 *fill*         0x000000000800829e        0x2 
 .text.UART_SetConfig
                0x00000000080082a0      0x598 ./Drivers/STM32G4xx_HAL_Driver/Src/stm32g4xx_hal_uart.o
                0x00000000080082a0                UART_SetConfig
 .text.UART_AdvFeatureConfig
                0x0000000008008838      0x144 ./Drivers/STM32G4xx_HAL_Driver/Src/stm32g4xx_hal_uart.o
                0x0000000008008838                UART_AdvFeatureConfig
 .text.UART_CheckIdleState
                0x000000000800897c      0x154 ./Drivers/STM32G4xx_HAL_Driver/Src/stm32g4xx_hal_uart.o
                0x000000000800897c                UART_CheckIdleState
 .text.UART_WaitOnFlagUntilTimeout
                0x0000000008008ad0       0xda ./Drivers/STM32G4xx_HAL_Driver/Src/stm32g4xx_hal_uart.o
                0x0000000008008ad0                UART_WaitOnFlagUntilTimeout
 .text.UART_EndRxTransfer
                0x0000000008008baa       0xcc ./Drivers/STM32G4xx_HAL_Driver/Src/stm32g4xx_hal_uart.o
 .text.HAL_UARTEx_DisableFifoMode
                0x0000000008008c76       0x72 ./Drivers/STM32G4xx_HAL_Driver/Src/stm32g4xx_hal_uart_ex.o
                0x0000000008008c76                HAL_UARTEx_DisableFifoMode
 .text.HAL_UARTEx_SetTxFifoThreshold
                0x0000000008008ce8       0x7c ./Drivers/STM32G4xx_HAL_Driver/Src/stm32g4xx_hal_uart_ex.o
                0x0000000008008ce8                HAL_UARTEx_SetTxFifoThreshold
 .text.HAL_UARTEx_SetRxFifoThreshold
                0x0000000008008d64       0x7c ./Drivers/STM32G4xx_HAL_Driver/Src/stm32g4xx_hal_uart_ex.o
                0x0000000008008d64                HAL_UARTEx_SetRxFifoThreshold
 .text.UARTEx_SetNbDataToProcess
                0x0000000008008de0       0x9c ./Drivers/STM32G4xx_HAL_Driver/Src/stm32g4xx_hal_uart_ex.o
 .text.memset   0x0000000008008e7c       0x10 C:/ST/STM32CubeIDE_1.14.1/STM32CubeIDE/plugins/com.st.stm32cube.ide.mcu.externaltools.gnu-tools-for-stm32.11.3.rel1.win32_1.1.100.202309141235/tools/bin/../lib/gcc/arm-none-eabi/11.3.1/../../../../arm-none-eabi/lib/thumb/v7e-m+fp/hard\libc_nano.a(libc_a-memset.o)
                0x0000000008008e7c                memset
 .text.__errno  0x0000000008008e8c        0xc C:/ST/STM32CubeIDE_1.14.1/STM32CubeIDE/plugins/com.st.stm32cube.ide.mcu.externaltools.gnu-tools-for-stm32.11.3.rel1.win32_1.1.100.202309141235/tools/bin/../lib/gcc/arm-none-eabi/11.3.1/../../../../arm-none-eabi/lib/thumb/v7e-m+fp/hard\libc_nano.a(libc_a-errno.o)
                0x0000000008008e8c                __errno
 .text.__libc_init_array
                0x0000000008008e98       0x48 C:/ST/STM32CubeIDE_1.14.1/STM32CubeIDE/plugins/com.st.stm32cube.ide.mcu.externaltools.gnu-tools-for-stm32.11.3.rel1.win32_1.1.100.202309141235/tools/bin/../lib/gcc/arm-none-eabi/11.3.1/../../../../arm-none-eabi/lib/thumb/v7e-m+fp/hard\libc_nano.a(libc_a-init.o)
                0x0000000008008e98                __libc_init_array
 .text.log      0x0000000008008ee0       0x7c C:/ST/STM32CubeIDE_1.14.1/STM32CubeIDE/plugins/com.st.stm32cube.ide.mcu.externaltools.gnu-tools-for-stm32.11.3.rel1.win32_1.1.100.202309141235/tools/bin/../lib/gcc/arm-none-eabi/11.3.1/../../../../arm-none-eabi/lib/thumb/v7e-m+fp/hard\libm.a(libm_a-w_log.o)
                0x0000000008008ee0                log
 *fill*         0x0000000008008f5c        0x4 
 .text.nan      0x0000000008008f60       0x10 C:/ST/STM32CubeIDE_1.14.1/STM32CubeIDE/plugins/com.st.stm32cube.ide.mcu.externaltools.gnu-tools-for-stm32.11.3.rel1.win32_1.1.100.202309141235/tools/bin/../lib/gcc/arm-none-eabi/11.3.1/../../../../arm-none-eabi/lib/thumb/v7e-m+fp/hard\libm.a(libm_a-s_nan.o)
                0x0000000008008f60                nan
 .text.__ieee754_log
                0x0000000008008f70      0x374 C:/ST/STM32CubeIDE_1.14.1/STM32CubeIDE/plugins/com.st.stm32cube.ide.mcu.externaltools.gnu-tools-for-stm32.11.3.rel1.win32_1.1.100.202309141235/tools/bin/../lib/gcc/arm-none-eabi/11.3.1/../../../../arm-none-eabi/lib/thumb/v7e-m+fp/hard\libm.a(libm_a-e_log.o)
                0x0000000008008f70                __ieee754_log
 *(.glue_7)
 .glue_7        0x00000000080092e4        0x0 linker stubs
 *(.glue_7t)
 .glue_7t       0x00000000080092e4        0x0 linker stubs
 *(.eh_frame)
 .eh_frame      0x00000000080092e4        0x0 C:/ST/STM32CubeIDE_1.14.1/STM32CubeIDE/plugins/com.st.stm32cube.ide.mcu.externaltools.gnu-tools-for-stm32.11.3.rel1.win32_1.1.100.202309141235/tools/bin/../lib/gcc/arm-none-eabi/11.3.1/thumb/v7e-m+fp/hard/crtbegin.o
 *(.init)
 .init          0x00000000080092e4        0x4 C:/ST/STM32CubeIDE_1.14.1/STM32CubeIDE/plugins/com.st.stm32cube.ide.mcu.externaltools.gnu-tools-for-stm32.11.3.rel1.win32_1.1.100.202309141235/tools/bin/../lib/gcc/arm-none-eabi/11.3.1/thumb/v7e-m+fp/hard/crti.o
                0x00000000080092e4                _init
 .init          0x00000000080092e8        0x8 C:/ST/STM32CubeIDE_1.14.1/STM32CubeIDE/plugins/com.st.stm32cube.ide.mcu.externaltools.gnu-tools-for-stm32.11.3.rel1.win32_1.1.100.202309141235/tools/bin/../lib/gcc/arm-none-eabi/11.3.1/thumb/v7e-m+fp/hard/crtn.o
 *(.fini)
 .fini          0x00000000080092f0        0x4 C:/ST/STM32CubeIDE_1.14.1/STM32CubeIDE/plugins/com.st.stm32cube.ide.mcu.externaltools.gnu-tools-for-stm32.11.3.rel1.win32_1.1.100.202309141235/tools/bin/../lib/gcc/arm-none-eabi/11.3.1/thumb/v7e-m+fp/hard/crti.o
                0x00000000080092f0                _fini
 .fini          0x00000000080092f4        0x8 C:/ST/STM32CubeIDE_1.14.1/STM32CubeIDE/plugins/com.st.stm32cube.ide.mcu.externaltools.gnu-tools-for-stm32.11.3.rel1.win32_1.1.100.202309141235/tools/bin/../lib/gcc/arm-none-eabi/11.3.1/thumb/v7e-m+fp/hard/crtn.o
                0x00000000080092fc                . = ALIGN (0x4)
                0x00000000080092fc                _etext = .

.vfp11_veneer   0x00000000080092fc        0x0
 .vfp11_veneer  0x00000000080092fc        0x0 linker stubs

.v4_bx          0x00000000080092fc        0x0
 .v4_bx         0x00000000080092fc        0x0 linker stubs

.iplt           0x00000000080092fc        0x0
 .iplt          0x00000000080092fc        0x0 C:/ST/STM32CubeIDE_1.14.1/STM32CubeIDE/plugins/com.st.stm32cube.ide.mcu.externaltools.gnu-tools-for-stm32.11.3.rel1.win32_1.1.100.202309141235/tools/bin/../lib/gcc/arm-none-eabi/11.3.1/thumb/v7e-m+fp/hard/crtbegin.o

.rodata         0x00000000080092fc      0x454
                0x00000000080092fc                . = ALIGN (0x4)
 *(.rodata)
 *(.rodata*)
 .rodata.crc15Table
                0x00000000080092fc      0x400 ./Core/Src/LTC681x.o
 .rodata.AHBPrescTable
                0x00000000080096fc       0x10 ./Core/Src/system_stm32g4xx.o
                0x00000000080096fc                AHBPrescTable
 .rodata.APBPrescTable
                0x000000000800970c        0x8 ./Core/Src/system_stm32g4xx.o
                0x000000000800970c                APBPrescTable
 .rodata.DLCtoBytes
                0x0000000008009714       0x10 ./Drivers/STM32G4xx_HAL_Driver/Src/stm32g4xx_hal_fdcan.o
 .rodata.UARTPrescTable
                0x0000000008009724       0x18 ./Drivers/STM32G4xx_HAL_Driver/Src/stm32g4xx_hal_uart.o
                0x0000000008009724                UARTPrescTable
 .rodata.numerator.1
                0x000000000800973c        0x8 ./Drivers/STM32G4xx_HAL_Driver/Src/stm32g4xx_hal_uart_ex.o
 .rodata.denominator.0
                0x0000000008009744        0x8 ./Drivers/STM32G4xx_HAL_Driver/Src/stm32g4xx_hal_uart_ex.o
 .rodata.log.str1.1
                0x000000000800974c        0x1 C:/ST/STM32CubeIDE_1.14.1/STM32CubeIDE/plugins/com.st.stm32cube.ide.mcu.externaltools.gnu-tools-for-stm32.11.3.rel1.win32_1.1.100.202309141235/tools/bin/../lib/gcc/arm-none-eabi/11.3.1/../../../../arm-none-eabi/lib/thumb/v7e-m+fp/hard\libm.a(libm_a-w_log.o)
                0x0000000008009750                . = ALIGN (0x4)
 *fill*         0x000000000800974d        0x3 

.ARM.extab      0x0000000008009750        0x0
                0x0000000008009750                . = ALIGN (0x4)
 *(.ARM.extab* .gnu.linkonce.armextab.*)
                0x0000000008009750                . = ALIGN (0x4)

.ARM            0x0000000008009750        0x8
                0x0000000008009750                . = ALIGN (0x4)
                0x0000000008009750                __exidx_start = .
 *(.ARM.exidx*)
 .ARM.exidx     0x0000000008009750        0x8 C:/ST/STM32CubeIDE_1.14.1/STM32CubeIDE/plugins/com.st.stm32cube.ide.mcu.externaltools.gnu-tools-for-stm32.11.3.rel1.win32_1.1.100.202309141235/tools/bin/../lib/gcc/arm-none-eabi/11.3.1/thumb/v7e-m+fp/hard\libgcc.a(_udivmoddi4.o)
                0x0000000008009758                __exidx_end = .
                0x0000000008009758                . = ALIGN (0x4)

.rel.dyn        0x0000000008009758        0x0
 .rel.iplt      0x0000000008009758        0x0 C:/ST/STM32CubeIDE_1.14.1/STM32CubeIDE/plugins/com.st.stm32cube.ide.mcu.externaltools.gnu-tools-for-stm32.11.3.rel1.win32_1.1.100.202309141235/tools/bin/../lib/gcc/arm-none-eabi/11.3.1/thumb/v7e-m+fp/hard/crtbegin.o

.preinit_array  0x0000000008009758        0x0
                0x0000000008009758                . = ALIGN (0x4)
                0x0000000008009758                PROVIDE (__preinit_array_start = .)
 *(.preinit_array*)
                0x0000000008009758                PROVIDE (__preinit_array_end = .)
                0x0000000008009758                . = ALIGN (0x4)

.init_array     0x0000000008009758        0x4
                0x0000000008009758                . = ALIGN (0x4)
                0x0000000008009758                PROVIDE (__init_array_start = .)
 *(SORT_BY_NAME(.init_array.*))
 *(.init_array*)
 .init_array    0x0000000008009758        0x4 C:/ST/STM32CubeIDE_1.14.1/STM32CubeIDE/plugins/com.st.stm32cube.ide.mcu.externaltools.gnu-tools-for-stm32.11.3.rel1.win32_1.1.100.202309141235/tools/bin/../lib/gcc/arm-none-eabi/11.3.1/thumb/v7e-m+fp/hard/crtbegin.o
                0x000000000800975c                PROVIDE (__init_array_end = .)
                0x000000000800975c                . = ALIGN (0x4)

.fini_array     0x000000000800975c        0x4
                0x000000000800975c                . = ALIGN (0x4)
                [!provide]                        PROVIDE (__fini_array_start = .)
 *(SORT_BY_NAME(.fini_array.*))
 *(.fini_array*)
 .fini_array    0x000000000800975c        0x4 C:/ST/STM32CubeIDE_1.14.1/STM32CubeIDE/plugins/com.st.stm32cube.ide.mcu.externaltools.gnu-tools-for-stm32.11.3.rel1.win32_1.1.100.202309141235/tools/bin/../lib/gcc/arm-none-eabi/11.3.1/thumb/v7e-m+fp/hard/crtbegin.o
                [!provide]                        PROVIDE (__fini_array_end = .)
                0x0000000008009760                . = ALIGN (0x4)
                0x0000000008009760                _sidata = LOADADDR (.data)

.data           0x0000000020000000       0x88 load address 0x0000000008009760
                0x0000000020000000                . = ALIGN (0x4)
                0x0000000020000000                _sdata = .
 *(.data)
 *(.data*)
 .data.limits   0x0000000020000000       0x2c ./Core/Src/operation.o
                0x0000000020000000                limits
 .data.SystemCoreClock
                0x000000002000002c        0x4 ./Core/Src/system_stm32g4xx.o
                0x000000002000002c                SystemCoreClock
 .data.uwTickPrio
                0x0000000020000030        0x4 ./Drivers/STM32G4xx_HAL_Driver/Src/stm32g4xx_hal.o
                0x0000000020000030                uwTickPrio
 .data.uwTickFreq
                0x0000000020000034        0x4 ./Drivers/STM32G4xx_HAL_Driver/Src/stm32g4xx_hal.o
                0x0000000020000034                uwTickFreq
 .data._impure_data
                0x0000000020000038       0x4c C:/ST/STM32CubeIDE_1.14.1/STM32CubeIDE/plugins/com.st.stm32cube.ide.mcu.externaltools.gnu-tools-for-stm32.11.3.rel1.win32_1.1.100.202309141235/tools/bin/../lib/gcc/arm-none-eabi/11.3.1/../../../../arm-none-eabi/lib/thumb/v7e-m+fp/hard\libc_nano.a(libc_a-impure.o)
                0x0000000020000038                _impure_data
 .data._impure_ptr
                0x0000000020000084        0x4 C:/ST/STM32CubeIDE_1.14.1/STM32CubeIDE/plugins/com.st.stm32cube.ide.mcu.externaltools.gnu-tools-for-stm32.11.3.rel1.win32_1.1.100.202309141235/tools/bin/../lib/gcc/arm-none-eabi/11.3.1/../../../../arm-none-eabi/lib/thumb/v7e-m+fp/hard\libc_nano.a(libc_a-impure.o)
                0x0000000020000084                _impure_ptr
 *(.RamFunc)
 *(.RamFunc*)
                0x0000000020000088                . = ALIGN (0x4)
                0x0000000020000088                _edata = .

.igot.plt       0x0000000020000088        0x0 load address 0x00000000080097e8
 .igot.plt      0x0000000020000088        0x0 C:/ST/STM32CubeIDE_1.14.1/STM32CubeIDE/plugins/com.st.stm32cube.ide.mcu.externaltools.gnu-tools-for-stm32.11.3.rel1.win32_1.1.100.202309141235/tools/bin/../lib/gcc/arm-none-eabi/11.3.1/thumb/v7e-m+fp/hard/crtbegin.o
                0x0000000020000088                . = ALIGN (0x4)

.bss            0x0000000020000088      0x444 load address 0x00000000080097e8
                0x0000000020000088                _sbss = .
                0x0000000020000088                __bss_start__ = _sbss
 *(.bss)
 .bss           0x0000000020000088       0x1c C:/ST/STM32CubeIDE_1.14.1/STM32CubeIDE/plugins/com.st.stm32cube.ide.mcu.externaltools.gnu-tools-for-stm32.11.3.rel1.win32_1.1.100.202309141235/tools/bin/../lib/gcc/arm-none-eabi/11.3.1/thumb/v7e-m+fp/hard/crtbegin.o
 *(.bss*)
 .bss.ADCV      0x00000000200000a4        0x2 ./Core/Src/LTC681x.o
                0x00000000200000a4                ADCV
 *fill*         0x00000000200000a6        0x2 
 .bss.ADAX      0x00000000200000a8        0x2 ./Core/Src/LTC681x.o
                0x00000000200000a8                ADAX
 *fill*         0x00000000200000aa        0x2 
 .bss.ADSTAT    0x00000000200000ac        0x2 ./Core/Src/LTC681x.o
                0x00000000200000ac                ADSTAT
 *fill*         0x00000000200000ae        0x2 
 .bss.hfdcan1   0x00000000200000b0       0x64 ./Core/Src/main.o
                0x00000000200000b0                hfdcan1
 .bss.hspi1     0x0000000020000114       0x64 ./Core/Src/main.o
                0x0000000020000114                hspi1
 .bss.htim8     0x0000000020000178       0x4c ./Core/Src/main.o
                0x0000000020000178                htim8
 .bss.huart2    0x00000000200001c4       0x94 ./Core/Src/main.o
                0x00000000200001c4                huart2
 .bss.TxHeader  0x0000000020000258       0x24 ./Core/Src/main.o
                0x0000000020000258                TxHeader
 .bss.RxHeader  0x000000002000027c       0x28 ./Core/Src/main.o
                0x000000002000027c                RxHeader
 .bss.CAN_RxData
                0x00000000200002a4        0x8 ./Core/Src/main.o
                0x00000000200002a4                CAN_RxData
 .bss.cell_data
                0x00000000200002ac       0x24 ./Core/Src/operation.o
                0x00000000200002ac                cell_data
 .bss.temp_data
                0x00000000200002d0       0x30 ./Core/Src/operation.o
                0x00000000200002d0                temp_data
 .bss.slave_cfg_tx
                0x0000000020000300        0x6 ./Core/Src/operation.o
                0x0000000020000300                slave_cfg_tx
 *fill*         0x0000000020000306        0x2 
 .bss.slave_cfgb_tx
                0x0000000020000308        0x6 ./Core/Src/operation.o
                0x0000000020000308                slave_cfgb_tx
 *fill*         0x000000002000030e        0x2 
 .bss.slave_cfg_rx
                0x0000000020000310        0x8 ./Core/Src/operation.o
                0x0000000020000310                slave_cfg_rx
 .bss.slave_cfgb_rx
                0x0000000020000318        0x8 ./Core/Src/operation.o
                0x0000000020000318                slave_cfgb_rx
 .bss.status_data
                0x0000000020000320       0x70 ./Core/Src/operation.o
                0x0000000020000320                status_data
 .bss.uwTick    0x0000000020000390        0x4 ./Drivers/STM32G4xx_HAL_Driver/Src/stm32g4xx_hal.o
                0x0000000020000390                uwTick
 .bss.__sf      0x0000000020000394      0x138 C:/ST/STM32CubeIDE_1.14.1/STM32CubeIDE/plugins/com.st.stm32cube.ide.mcu.externaltools.gnu-tools-for-stm32.11.3.rel1.win32_1.1.100.202309141235/tools/bin/../lib/gcc/arm-none-eabi/11.3.1/../../../../arm-none-eabi/lib/thumb/v7e-m+fp/hard\libc_nano.a(libc_a-findfp.o)
                0x0000000020000394                __sf
 *(COMMON)
                0x00000000200004cc                . = ALIGN (0x4)
                0x00000000200004cc                _ebss = .
                0x00000000200004cc                __bss_end__ = _ebss

._user_heap_stack
                0x00000000200004cc      0x604 load address 0x00000000080097e8
                0x00000000200004d0                . = ALIGN (0x8)
 *fill*         0x00000000200004cc        0x4 
                [!provide]                        PROVIDE (end = .)
                0x00000000200004d0                PROVIDE (_end = .)
                0x00000000200006d0                . = (. + _Min_Heap_Size)
 *fill*         0x00000000200004d0      0x200 
                0x0000000020000ad0                . = (. + _Min_Stack_Size)
 *fill*         0x00000000200006d0      0x400 
                0x0000000020000ad0                . = ALIGN (0x8)

/DISCARD/
 libc.a(*)
 libm.a(*)
 libgcc.a(*)

.ARM.attributes
                0x0000000000000000       0x30
 *(.ARM.attributes)
 .ARM.attributes
                0x0000000000000000       0x1e C:/ST/STM32CubeIDE_1.14.1/STM32CubeIDE/plugins/com.st.stm32cube.ide.mcu.externaltools.gnu-tools-for-stm32.11.3.rel1.win32_1.1.100.202309141235/tools/bin/../lib/gcc/arm-none-eabi/11.3.1/thumb/v7e-m+fp/hard/crti.o
 .ARM.attributes
                0x000000000000001e       0x34 C:/ST/STM32CubeIDE_1.14.1/STM32CubeIDE/plugins/com.st.stm32cube.ide.mcu.externaltools.gnu-tools-for-stm32.11.3.rel1.win32_1.1.100.202309141235/tools/bin/../lib/gcc/arm-none-eabi/11.3.1/thumb/v7e-m+fp/hard/crtbegin.o
 .ARM.attributes
                0x0000000000000052       0x34 ./Core/Src/LTC681x.o
 .ARM.attributes
                0x0000000000000086       0x34 ./Core/Src/calculations.o
 .ARM.attributes
                0x00000000000000ba       0x34 ./Core/Src/can.o
 .ARM.attributes
                0x00000000000000ee       0x34 ./Core/Src/isoSpi.o
 .ARM.attributes
                0x0000000000000122       0x34 ./Core/Src/main.o
 .ARM.attributes
                0x0000000000000156       0x34 ./Core/Src/operation.o
 .ARM.attributes
                0x000000000000018a       0x34 ./Core/Src/pwm.o
 .ARM.attributes
                0x00000000000001be       0x34 ./Core/Src/stm32g4xx_hal_msp.o
 .ARM.attributes
                0x00000000000001f2       0x34 ./Core/Src/stm32g4xx_it.o
 .ARM.attributes
                0x0000000000000226       0x34 ./Core/Src/system_stm32g4xx.o
 .ARM.attributes
                0x000000000000025a       0x34 ./Core/Src/temp_calc.o
 .ARM.attributes
                0x000000000000028e       0x21 ./Core/Startup/startup_stm32g431kbtx.o
 .ARM.attributes
                0x00000000000002af       0x34 ./Drivers/STM32G4xx_HAL_Driver/Src/stm32g4xx_hal.o
 .ARM.attributes
                0x00000000000002e3       0x34 ./Drivers/STM32G4xx_HAL_Driver/Src/stm32g4xx_hal_cortex.o
 .ARM.attributes
                0x0000000000000317       0x34 ./Drivers/STM32G4xx_HAL_Driver/Src/stm32g4xx_hal_fdcan.o
 .ARM.attributes
                0x000000000000034b       0x34 ./Drivers/STM32G4xx_HAL_Driver/Src/stm32g4xx_hal_gpio.o
 .ARM.attributes
                0x000000000000037f       0x34 ./Drivers/STM32G4xx_HAL_Driver/Src/stm32g4xx_hal_pwr_ex.o
 .ARM.attributes
                0x00000000000003b3       0x34 ./Drivers/STM32G4xx_HAL_Driver/Src/stm32g4xx_hal_rcc.o
 .ARM.attributes
                0x00000000000003e7       0x34 ./Drivers/STM32G4xx_HAL_Driver/Src/stm32g4xx_hal_rcc_ex.o
 .ARM.attributes
                0x000000000000041b       0x34 ./Drivers/STM32G4xx_HAL_Driver/Src/stm32g4xx_hal_spi.o
 .ARM.attributes
                0x000000000000044f       0x34 ./Drivers/STM32G4xx_HAL_Driver/Src/stm32g4xx_hal_tim.o
 .ARM.attributes
                0x0000000000000483       0x34 ./Drivers/STM32G4xx_HAL_Driver/Src/stm32g4xx_hal_tim_ex.o
 .ARM.attributes
                0x00000000000004b7       0x34 ./Drivers/STM32G4xx_HAL_Driver/Src/stm32g4xx_hal_uart.o
 .ARM.attributes
                0x00000000000004eb       0x34 ./Drivers/STM32G4xx_HAL_Driver/Src/stm32g4xx_hal_uart_ex.o
 .ARM.attributes
                0x000000000000051f       0x34 C:/ST/STM32CubeIDE_1.14.1/STM32CubeIDE/plugins/com.st.stm32cube.ide.mcu.externaltools.gnu-tools-for-stm32.11.3.rel1.win32_1.1.100.202309141235/tools/bin/../lib/gcc/arm-none-eabi/11.3.1/../../../../arm-none-eabi/lib/thumb/v7e-m+fp/hard\libc_nano.a(libc_a-findfp.o)
 .ARM.attributes
                0x0000000000000553       0x34 C:/ST/STM32CubeIDE_1.14.1/STM32CubeIDE/plugins/com.st.stm32cube.ide.mcu.externaltools.gnu-tools-for-stm32.11.3.rel1.win32_1.1.100.202309141235/tools/bin/../lib/gcc/arm-none-eabi/11.3.1/../../../../arm-none-eabi/lib/thumb/v7e-m+fp/hard\libc_nano.a(libc_a-memset.o)
 .ARM.attributes
                0x0000000000000587       0x34 C:/ST/STM32CubeIDE_1.14.1/STM32CubeIDE/plugins/com.st.stm32cube.ide.mcu.externaltools.gnu-tools-for-stm32.11.3.rel1.win32_1.1.100.202309141235/tools/bin/../lib/gcc/arm-none-eabi/11.3.1/../../../../arm-none-eabi/lib/thumb/v7e-m+fp/hard\libc_nano.a(libc_a-impure.o)
 .ARM.attributes
                0x00000000000005bb       0x34 C:/ST/STM32CubeIDE_1.14.1/STM32CubeIDE/plugins/com.st.stm32cube.ide.mcu.externaltools.gnu-tools-for-stm32.11.3.rel1.win32_1.1.100.202309141235/tools/bin/../lib/gcc/arm-none-eabi/11.3.1/../../../../arm-none-eabi/lib/thumb/v7e-m+fp/hard\libc_nano.a(libc_a-errno.o)
 .ARM.attributes
                0x00000000000005ef       0x34 C:/ST/STM32CubeIDE_1.14.1/STM32CubeIDE/plugins/com.st.stm32cube.ide.mcu.externaltools.gnu-tools-for-stm32.11.3.rel1.win32_1.1.100.202309141235/tools/bin/../lib/gcc/arm-none-eabi/11.3.1/../../../../arm-none-eabi/lib/thumb/v7e-m+fp/hard\libc_nano.a(libc_a-init.o)
 .ARM.attributes
                0x0000000000000623       0x34 C:/ST/STM32CubeIDE_1.14.1/STM32CubeIDE/plugins/com.st.stm32cube.ide.mcu.externaltools.gnu-tools-for-stm32.11.3.rel1.win32_1.1.100.202309141235/tools/bin/../lib/gcc/arm-none-eabi/11.3.1/../../../../arm-none-eabi/lib/thumb/v7e-m+fp/hard\libm.a(libm_a-w_log.o)
 .ARM.attributes
                0x0000000000000657       0x34 C:/ST/STM32CubeIDE_1.14.1/STM32CubeIDE/plugins/com.st.stm32cube.ide.mcu.externaltools.gnu-tools-for-stm32.11.3.rel1.win32_1.1.100.202309141235/tools/bin/../lib/gcc/arm-none-eabi/11.3.1/../../../../arm-none-eabi/lib/thumb/v7e-m+fp/hard\libm.a(libm_a-s_nan.o)
 .ARM.attributes
                0x000000000000068b       0x34 C:/ST/STM32CubeIDE_1.14.1/STM32CubeIDE/plugins/com.st.stm32cube.ide.mcu.externaltools.gnu-tools-for-stm32.11.3.rel1.win32_1.1.100.202309141235/tools/bin/../lib/gcc/arm-none-eabi/11.3.1/../../../../arm-none-eabi/lib/thumb/v7e-m+fp/hard\libm.a(libm_a-e_log.o)
 .ARM.attributes
                0x00000000000006bf       0x1e C:/ST/STM32CubeIDE_1.14.1/STM32CubeIDE/plugins/com.st.stm32cube.ide.mcu.externaltools.gnu-tools-for-stm32.11.3.rel1.win32_1.1.100.202309141235/tools/bin/../lib/gcc/arm-none-eabi/11.3.1/thumb/v7e-m+fp/hard\libgcc.a(_arm_addsubdf3.o)
 .ARM.attributes
                0x00000000000006dd       0x1e C:/ST/STM32CubeIDE_1.14.1/STM32CubeIDE/plugins/com.st.stm32cube.ide.mcu.externaltools.gnu-tools-for-stm32.11.3.rel1.win32_1.1.100.202309141235/tools/bin/../lib/gcc/arm-none-eabi/11.3.1/thumb/v7e-m+fp/hard\libgcc.a(_arm_muldivdf3.o)
 .ARM.attributes
                0x00000000000006fb       0x1e C:/ST/STM32CubeIDE_1.14.1/STM32CubeIDE/plugins/com.st.stm32cube.ide.mcu.externaltools.gnu-tools-for-stm32.11.3.rel1.win32_1.1.100.202309141235/tools/bin/../lib/gcc/arm-none-eabi/11.3.1/thumb/v7e-m+fp/hard\libgcc.a(_arm_cmpdf2.o)
 .ARM.attributes
                0x0000000000000719       0x1e C:/ST/STM32CubeIDE_1.14.1/STM32CubeIDE/plugins/com.st.stm32cube.ide.mcu.externaltools.gnu-tools-for-stm32.11.3.rel1.win32_1.1.100.202309141235/tools/bin/../lib/gcc/arm-none-eabi/11.3.1/thumb/v7e-m+fp/hard\libgcc.a(_arm_unorddf2.o)
 .ARM.attributes
                0x0000000000000737       0x1e C:/ST/STM32CubeIDE_1.14.1/STM32CubeIDE/plugins/com.st.stm32cube.ide.mcu.externaltools.gnu-tools-for-stm32.11.3.rel1.win32_1.1.100.202309141235/tools/bin/../lib/gcc/arm-none-eabi/11.3.1/thumb/v7e-m+fp/hard\libgcc.a(_arm_truncdfsf2.o)
 .ARM.attributes
                0x0000000000000755       0x1e C:/ST/STM32CubeIDE_1.14.1/STM32CubeIDE/plugins/com.st.stm32cube.ide.mcu.externaltools.gnu-tools-for-stm32.11.3.rel1.win32_1.1.100.202309141235/tools/bin/../lib/gcc/arm-none-eabi/11.3.1/thumb/v7e-m+fp/hard\libgcc.a(_aeabi_uldivmod.o)
 .ARM.attributes
                0x0000000000000773       0x34 C:/ST/STM32CubeIDE_1.14.1/STM32CubeIDE/plugins/com.st.stm32cube.ide.mcu.externaltools.gnu-tools-for-stm32.11.3.rel1.win32_1.1.100.202309141235/tools/bin/../lib/gcc/arm-none-eabi/11.3.1/thumb/v7e-m+fp/hard\libgcc.a(_udivmoddi4.o)
 .ARM.attributes
                0x00000000000007a7       0x1e C:/ST/STM32CubeIDE_1.14.1/STM32CubeIDE/plugins/com.st.stm32cube.ide.mcu.externaltools.gnu-tools-for-stm32.11.3.rel1.win32_1.1.100.202309141235/tools/bin/../lib/gcc/arm-none-eabi/11.3.1/thumb/v7e-m+fp/hard\libgcc.a(_dvmd_tls.o)
 .ARM.attributes
                0x00000000000007c5       0x1e C:/ST/STM32CubeIDE_1.14.1/STM32CubeIDE/plugins/com.st.stm32cube.ide.mcu.externaltools.gnu-tools-for-stm32.11.3.rel1.win32_1.1.100.202309141235/tools/bin/../lib/gcc/arm-none-eabi/11.3.1/thumb/v7e-m+fp/hard/crtn.o
OUTPUT(dev_bms.elf elf32-littlearm)
LOAD linker stubs
LOAD C:/ST/STM32CubeIDE_1.14.1/STM32CubeIDE/plugins/com.st.stm32cube.ide.mcu.externaltools.gnu-tools-for-stm32.11.3.rel1.win32_1.1.100.202309141235/tools/bin/../lib/gcc/arm-none-eabi/11.3.1/../../../../arm-none-eabi/lib/thumb/v7e-m+fp/hard\libc.a
LOAD C:/ST/STM32CubeIDE_1.14.1/STM32CubeIDE/plugins/com.st.stm32cube.ide.mcu.externaltools.gnu-tools-for-stm32.11.3.rel1.win32_1.1.100.202309141235/tools/bin/../lib/gcc/arm-none-eabi/11.3.1/../../../../arm-none-eabi/lib/thumb/v7e-m+fp/hard\libm.a
LOAD C:/ST/STM32CubeIDE_1.14.1/STM32CubeIDE/plugins/com.st.stm32cube.ide.mcu.externaltools.gnu-tools-for-stm32.11.3.rel1.win32_1.1.100.202309141235/tools/bin/../lib/gcc/arm-none-eabi/11.3.1/thumb/v7e-m+fp/hard\libgcc.a

.comment        0x0000000000000000       0x43
 .comment       0x0000000000000000       0x43 C:/ST/STM32CubeIDE_1.14.1/STM32CubeIDE/plugins/com.st.stm32cube.ide.mcu.externaltools.gnu-tools-for-stm32.11.3.rel1.win32_1.1.100.202309141235/tools/bin/../lib/gcc/arm-none-eabi/11.3.1/thumb/v7e-m+fp/hard/crtbegin.o
                                         0x44 (size before relaxing)
 .comment       0x0000000000000043       0x44 ./Core/Src/LTC681x.o
 .comment       0x0000000000000043       0x44 ./Core/Src/calculations.o
 .comment       0x0000000000000043       0x44 ./Core/Src/can.o
 .comment       0x0000000000000043       0x44 ./Core/Src/isoSpi.o
 .comment       0x0000000000000043       0x44 ./Core/Src/main.o
 .comment       0x0000000000000043       0x44 ./Core/Src/operation.o
 .comment       0x0000000000000043       0x44 ./Core/Src/pwm.o
 .comment       0x0000000000000043       0x44 ./Core/Src/stm32g4xx_hal_msp.o
 .comment       0x0000000000000043       0x44 ./Core/Src/stm32g4xx_it.o
 .comment       0x0000000000000043       0x44 ./Core/Src/system_stm32g4xx.o
 .comment       0x0000000000000043       0x44 ./Core/Src/temp_calc.o
 .comment       0x0000000000000043       0x44 ./Drivers/STM32G4xx_HAL_Driver/Src/stm32g4xx_hal.o
 .comment       0x0000000000000043       0x44 ./Drivers/STM32G4xx_HAL_Driver/Src/stm32g4xx_hal_cortex.o
 .comment       0x0000000000000043       0x44 ./Drivers/STM32G4xx_HAL_Driver/Src/stm32g4xx_hal_fdcan.o
 .comment       0x0000000000000043       0x44 ./Drivers/STM32G4xx_HAL_Driver/Src/stm32g4xx_hal_gpio.o
 .comment       0x0000000000000043       0x44 ./Drivers/STM32G4xx_HAL_Driver/Src/stm32g4xx_hal_pwr_ex.o
 .comment       0x0000000000000043       0x44 ./Drivers/STM32G4xx_HAL_Driver/Src/stm32g4xx_hal_rcc.o
 .comment       0x0000000000000043       0x44 ./Drivers/STM32G4xx_HAL_Driver/Src/stm32g4xx_hal_rcc_ex.o
 .comment       0x0000000000000043       0x44 ./Drivers/STM32G4xx_HAL_Driver/Src/stm32g4xx_hal_spi.o
 .comment       0x0000000000000043       0x44 ./Drivers/STM32G4xx_HAL_Driver/Src/stm32g4xx_hal_tim.o
 .comment       0x0000000000000043       0x44 ./Drivers/STM32G4xx_HAL_Driver/Src/stm32g4xx_hal_tim_ex.o
 .comment       0x0000000000000043       0x44 ./Drivers/STM32G4xx_HAL_Driver/Src/stm32g4xx_hal_uart.o
 .comment       0x0000000000000043       0x44 ./Drivers/STM32G4xx_HAL_Driver/Src/stm32g4xx_hal_uart_ex.o

.debug_info     0x0000000000000000    0x1a7d4
 .debug_info    0x0000000000000000     0x1061 ./Core/Src/LTC681x.o
 .debug_info    0x0000000000001061      0x75d ./Core/Src/calculations.o
 .debug_info    0x00000000000017be      0xfee ./Core/Src/can.o
 .debug_info    0x00000000000027ac      0xb6a ./Core/Src/isoSpi.o
 .debug_info    0x0000000000003316     0x1fe0 ./Core/Src/main.o
 .debug_info    0x00000000000052f6      0xccb ./Core/Src/operation.o
 .debug_info    0x0000000000005fc1      0xbad ./Core/Src/pwm.o
 .debug_info    0x0000000000006b6e     0x1c66 ./Core/Src/stm32g4xx_hal_msp.o
 .debug_info    0x00000000000087d4      0x606 ./Core/Src/stm32g4xx_it.o
 .debug_info    0x0000000000008dda      0x58e ./Core/Src/system_stm32g4xx.o
 .debug_info    0x0000000000009368      0x27c ./Core/Src/temp_calc.o
 .debug_info    0x00000000000095e4       0x23 ./Core/Startup/startup_stm32g431kbtx.o
 .debug_info    0x0000000000009607      0xadb ./Drivers/STM32G4xx_HAL_Driver/Src/stm32g4xx_hal.o
 .debug_info    0x000000000000a0e2      0xcf3 ./Drivers/STM32G4xx_HAL_Driver/Src/stm32g4xx_hal_cortex.o
 .debug_info    0x000000000000add5     0x189c ./Drivers/STM32G4xx_HAL_Driver/Src/stm32g4xx_hal_fdcan.o
 .debug_info    0x000000000000c671      0x763 ./Drivers/STM32G4xx_HAL_Driver/Src/stm32g4xx_hal_gpio.o
 .debug_info    0x000000000000cdd4      0x93f ./Drivers/STM32G4xx_HAL_Driver/Src/stm32g4xx_hal_pwr_ex.o
 .debug_info    0x000000000000d713      0xb82 ./Drivers/STM32G4xx_HAL_Driver/Src/stm32g4xx_hal_rcc.o
 .debug_info    0x000000000000e295      0xc15 ./Drivers/STM32G4xx_HAL_Driver/Src/stm32g4xx_hal_rcc_ex.o
 .debug_info    0x000000000000eeaa     0x1748 ./Drivers/STM32G4xx_HAL_Driver/Src/stm32g4xx_hal_spi.o
 .debug_info    0x00000000000105f2     0x2c52 ./Drivers/STM32G4xx_HAL_Driver/Src/stm32g4xx_hal_tim.o
 .debug_info    0x0000000000013244     0x1d95 ./Drivers/STM32G4xx_HAL_Driver/Src/stm32g4xx_hal_tim_ex.o
 .debug_info    0x0000000000014fd9     0x481e ./Drivers/STM32G4xx_HAL_Driver/Src/stm32g4xx_hal_uart.o
 .debug_info    0x00000000000197f7      0xfdd ./Drivers/STM32G4xx_HAL_Driver/Src/stm32g4xx_hal_uart_ex.o

.debug_abbrev   0x0000000000000000     0x34d6
 .debug_abbrev  0x0000000000000000      0x2ce ./Core/Src/LTC681x.o
 .debug_abbrev  0x00000000000002ce      0x103 ./Core/Src/calculations.o
 .debug_abbrev  0x00000000000003d1      0x268 ./Core/Src/can.o
 .debug_abbrev  0x0000000000000639      0x1eb ./Core/Src/isoSpi.o
 .debug_abbrev  0x0000000000000824      0x2fe ./Core/Src/main.o
 .debug_abbrev  0x0000000000000b22      0x376 ./Core/Src/operation.o
 .debug_abbrev  0x0000000000000e98      0x1da ./Core/Src/pwm.o
 .debug_abbrev  0x0000000000001072      0x295 ./Core/Src/stm32g4xx_hal_msp.o
 .debug_abbrev  0x0000000000001307      0x15b ./Core/Src/stm32g4xx_it.o
 .debug_abbrev  0x0000000000001462      0x11a ./Core/Src/system_stm32g4xx.o
 .debug_abbrev  0x000000000000157c      0x113 ./Core/Src/temp_calc.o
 .debug_abbrev  0x000000000000168f       0x12 ./Core/Startup/startup_stm32g431kbtx.o
 .debug_abbrev  0x00000000000016a1      0x271 ./Drivers/STM32G4xx_HAL_Driver/Src/stm32g4xx_hal.o
 .debug_abbrev  0x0000000000001912      0x31c ./Drivers/STM32G4xx_HAL_Driver/Src/stm32g4xx_hal_cortex.o
 .debug_abbrev  0x0000000000001c2e      0x1e7 ./Drivers/STM32G4xx_HAL_Driver/Src/stm32g4xx_hal_fdcan.o
 .debug_abbrev  0x0000000000001e15      0x1cb ./Drivers/STM32G4xx_HAL_Driver/Src/stm32g4xx_hal_gpio.o
 .debug_abbrev  0x0000000000001fe0      0x22c ./Drivers/STM32G4xx_HAL_Driver/Src/stm32g4xx_hal_pwr_ex.o
 .debug_abbrev  0x000000000000220c      0x2c9 ./Drivers/STM32G4xx_HAL_Driver/Src/stm32g4xx_hal_rcc.o
 .debug_abbrev  0x00000000000024d5      0x258 ./Drivers/STM32G4xx_HAL_Driver/Src/stm32g4xx_hal_rcc_ex.o
 .debug_abbrev  0x000000000000272d      0x267 ./Drivers/STM32G4xx_HAL_Driver/Src/stm32g4xx_hal_spi.o
 .debug_abbrev  0x0000000000002994      0x2a7 ./Drivers/STM32G4xx_HAL_Driver/Src/stm32g4xx_hal_tim.o
 .debug_abbrev  0x0000000000002c3b      0x2c5 ./Drivers/STM32G4xx_HAL_Driver/Src/stm32g4xx_hal_tim_ex.o
 .debug_abbrev  0x0000000000002f00      0x304 ./Drivers/STM32G4xx_HAL_Driver/Src/stm32g4xx_hal_uart.o
 .debug_abbrev  0x0000000000003204      0x2d2 ./Drivers/STM32G4xx_HAL_Driver/Src/stm32g4xx_hal_uart_ex.o

.debug_aranges  0x0000000000000000     0x1668
 .debug_aranges
                0x0000000000000000       0xd8 ./Core/Src/LTC681x.o
 .debug_aranges
                0x00000000000000d8       0x48 ./Core/Src/calculations.o
 .debug_aranges
                0x0000000000000120       0x68 ./Core/Src/can.o
 .debug_aranges
                0x0000000000000188       0x40 ./Core/Src/isoSpi.o
 .debug_aranges
                0x00000000000001c8       0x58 ./Core/Src/main.o
 .debug_aranges
                0x0000000000000220       0xb0 ./Core/Src/operation.o
 .debug_aranges
                0x00000000000002d0       0x28 ./Core/Src/pwm.o
 .debug_aranges
                0x00000000000002f8       0x68 ./Core/Src/stm32g4xx_hal_msp.o
 .debug_aranges
                0x0000000000000360       0x68 ./Core/Src/stm32g4xx_it.o
 .debug_aranges
                0x00000000000003c8       0x28 ./Core/Src/system_stm32g4xx.o
 .debug_aranges
                0x00000000000003f0       0x20 ./Core/Src/temp_calc.o
 .debug_aranges
                0x0000000000000410       0x28 ./Core/Startup/startup_stm32g431kbtx.o
 .debug_aranges
                0x0000000000000438      0x148 ./Drivers/STM32G4xx_HAL_Driver/Src/stm32g4xx_hal.o
 .debug_aranges
                0x0000000000000580      0x118 ./Drivers/STM32G4xx_HAL_Driver/Src/stm32g4xx_hal_cortex.o
 .debug_aranges
                0x0000000000000698      0x208 ./Drivers/STM32G4xx_HAL_Driver/Src/stm32g4xx_hal_fdcan.o
 .debug_aranges
                0x00000000000008a0       0x58 ./Drivers/STM32G4xx_HAL_Driver/Src/stm32g4xx_hal_gpio.o
 .debug_aranges
                0x00000000000008f8      0x140 ./Drivers/STM32G4xx_HAL_Driver/Src/stm32g4xx_hal_pwr_ex.o
 .debug_aranges
                0x0000000000000a38       0x98 ./Drivers/STM32G4xx_HAL_Driver/Src/stm32g4xx_hal_rcc.o
 .debug_aranges
                0x0000000000000ad0       0xb0 ./Drivers/STM32G4xx_HAL_Driver/Src/stm32g4xx_hal_rcc_ex.o
 .debug_aranges
                0x0000000000000b80      0x1d8 ./Drivers/STM32G4xx_HAL_Driver/Src/stm32g4xx_hal_spi.o
 .debug_aranges
                0x0000000000000d58      0x3e0 ./Drivers/STM32G4xx_HAL_Driver/Src/stm32g4xx_hal_tim.o
 .debug_aranges
                0x0000000000001138      0x240 ./Drivers/STM32G4xx_HAL_Driver/Src/stm32g4xx_hal_tim_ex.o
 .debug_aranges
                0x0000000000001378      0x248 ./Drivers/STM32G4xx_HAL_Driver/Src/stm32g4xx_hal_uart.o
 .debug_aranges
                0x00000000000015c0       0xa8 ./Drivers/STM32G4xx_HAL_Driver/Src/stm32g4xx_hal_uart_ex.o

.debug_rnglists
                0x0000000000000000     0x1170
 .debug_rnglists
                0x0000000000000000       0xaa ./Core/Src/LTC681x.o
 .debug_rnglists
                0x00000000000000aa       0x36 ./Core/Src/calculations.o
 .debug_rnglists
                0x00000000000000e0       0x4d ./Core/Src/can.o
 .debug_rnglists
                0x000000000000012d       0x2b ./Core/Src/isoSpi.o
 .debug_rnglists
                0x0000000000000158       0x42 ./Core/Src/main.o
 .debug_rnglists
                0x000000000000019a       0x85 ./Core/Src/operation.o
 .debug_rnglists
                0x000000000000021f       0x19 ./Core/Src/pwm.o
 .debug_rnglists
                0x0000000000000238       0x4c ./Core/Src/stm32g4xx_hal_msp.o
 .debug_rnglists
                0x0000000000000284       0x49 ./Core/Src/stm32g4xx_it.o
 .debug_rnglists
                0x00000000000002cd       0x1a ./Core/Src/system_stm32g4xx.o
 .debug_rnglists
                0x00000000000002e7       0x14 ./Core/Src/temp_calc.o
 .debug_rnglists
                0x00000000000002fb       0x19 ./Core/Startup/startup_stm32g431kbtx.o
 .debug_rnglists
                0x0000000000000314       0xf1 ./Drivers/STM32G4xx_HAL_Driver/Src/stm32g4xx_hal.o
 .debug_rnglists
                0x0000000000000405       0xce ./Drivers/STM32G4xx_HAL_Driver/Src/stm32g4xx_hal_cortex.o
 .debug_rnglists
                0x00000000000004d3      0x18d ./Drivers/STM32G4xx_HAL_Driver/Src/stm32g4xx_hal_fdcan.o
 .debug_rnglists
                0x0000000000000660       0x3f ./Drivers/STM32G4xx_HAL_Driver/Src/stm32g4xx_hal_gpio.o
 .debug_rnglists
                0x000000000000069f       0xf1 ./Drivers/STM32G4xx_HAL_Driver/Src/stm32g4xx_hal_pwr_ex.o
 .debug_rnglists
                0x0000000000000790       0x74 ./Drivers/STM32G4xx_HAL_Driver/Src/stm32g4xx_hal_rcc.o
 .debug_rnglists
                0x0000000000000804       0x87 ./Drivers/STM32G4xx_HAL_Driver/Src/stm32g4xx_hal_rcc_ex.o
 .debug_rnglists
                0x000000000000088b      0x178 ./Drivers/STM32G4xx_HAL_Driver/Src/stm32g4xx_hal_spi.o
 .debug_rnglists
                0x0000000000000a03      0x328 ./Drivers/STM32G4xx_HAL_Driver/Src/stm32g4xx_hal_tim.o
 .debug_rnglists
                0x0000000000000d2b      0x1cc ./Drivers/STM32G4xx_HAL_Driver/Src/stm32g4xx_hal_tim_ex.o
 .debug_rnglists
                0x0000000000000ef7      0x1fa ./Drivers/STM32G4xx_HAL_Driver/Src/stm32g4xx_hal_uart.o
 .debug_rnglists
                0x00000000000010f1       0x7f ./Drivers/STM32G4xx_HAL_Driver/Src/stm32g4xx_hal_uart_ex.o

.debug_macro    0x0000000000000000    0x206fd
 .debug_macro   0x0000000000000000      0x2f0 ./Core/Src/LTC681x.o
 .debug_macro   0x00000000000002f0      0xaa8 ./Core/Src/LTC681x.o
 .debug_macro   0x0000000000000d98       0x22 ./Core/Src/LTC681x.o
 .debug_macro   0x0000000000000dba       0x8e ./Core/Src/LTC681x.o
 .debug_macro   0x0000000000000e48       0x51 ./Core/Src/LTC681x.o
 .debug_macro   0x0000000000000e99      0x103 ./Core/Src/LTC681x.o
 .debug_macro   0x0000000000000f9c       0x6a ./Core/Src/LTC681x.o
 .debug_macro   0x0000000000001006      0x1df ./Core/Src/LTC681x.o
 .debug_macro   0x00000000000011e5       0x22 ./Core/Src/LTC681x.o
 .debug_macro   0x0000000000001207      0x167 ./Core/Src/LTC681x.o
 .debug_macro   0x000000000000136e       0x2e ./Core/Src/LTC681x.o
 .debug_macro   0x000000000000139c       0x28 ./Core/Src/LTC681x.o
 .debug_macro   0x00000000000013c4       0x1c ./Core/Src/LTC681x.o
 .debug_macro   0x00000000000013e0       0x22 ./Core/Src/LTC681x.o
 .debug_macro   0x0000000000001402       0xfb ./Core/Src/LTC681x.o
 .debug_macro   0x00000000000014fd     0x1011 ./Core/Src/LTC681x.o
 .debug_macro   0x000000000000250e      0x11f ./Core/Src/LTC681x.o
 .debug_macro   0x000000000000262d    0x11350 ./Core/Src/LTC681x.o
 .debug_macro   0x000000000001397d       0x6d ./Core/Src/LTC681x.o
 .debug_macro   0x00000000000139ea     0x354d ./Core/Src/LTC681x.o
 .debug_macro   0x0000000000016f37      0x174 ./Core/Src/LTC681x.o
 .debug_macro   0x00000000000170ab       0x5c ./Core/Src/LTC681x.o
 .debug_macro   0x0000000000017107     0x141d ./Core/Src/LTC681x.o
 .debug_macro   0x0000000000018524      0x535 ./Core/Src/LTC681x.o
 .debug_macro   0x0000000000018a59      0x1b6 ./Core/Src/LTC681x.o
 .debug_macro   0x0000000000018c0f      0x288 ./Core/Src/LTC681x.o
 .debug_macro   0x0000000000018e97      0x41d ./Core/Src/LTC681x.o
 .debug_macro   0x00000000000192b4      0x18b ./Core/Src/LTC681x.o
 .debug_macro   0x000000000001943f       0x43 ./Core/Src/LTC681x.o
 .debug_macro   0x0000000000019482      0x23d ./Core/Src/LTC681x.o
 .debug_macro   0x00000000000196bf      0x211 ./Core/Src/LTC681x.o
 .debug_macro   0x00000000000198d0      0x6bd ./Core/Src/LTC681x.o
 .debug_macro   0x0000000000019f8d      0x401 ./Core/Src/LTC681x.o
 .debug_macro   0x000000000001a38e      0x107 ./Core/Src/LTC681x.o
 .debug_macro   0x000000000001a495      0x122 ./Core/Src/LTC681x.o
 .debug_macro   0x000000000001a5b7      0x3d1 ./Core/Src/LTC681x.o
 .debug_macro   0x000000000001a988      0x2fe ./Core/Src/LTC681x.o
 .debug_macro   0x000000000001ac86      0xbda ./Core/Src/LTC681x.o
 .debug_macro   0x000000000001b860      0x47e ./Core/Src/LTC681x.o
 .debug_macro   0x000000000001bcde      0x693 ./Core/Src/LTC681x.o
 .debug_macro   0x000000000001c371       0xa6 ./Core/Src/LTC681x.o
 .debug_macro   0x000000000001c417      0x306 ./Core/Src/LTC681x.o
 .debug_macro   0x000000000001c71d       0xd3 ./Core/Src/LTC681x.o
 .debug_macro   0x000000000001c7f0       0x76 ./Core/Src/LTC681x.o
 .debug_macro   0x000000000001c866       0x2a ./Core/Src/LTC681x.o
 .debug_macro   0x000000000001c890       0x61 ./Core/Src/LTC681x.o
 .debug_macro   0x000000000001c8f1       0x43 ./Core/Src/LTC681x.o
 .debug_macro   0x000000000001c934       0x34 ./Core/Src/LTC681x.o
 .debug_macro   0x000000000001c968       0x16 ./Core/Src/LTC681x.o
 .debug_macro   0x000000000001c97e       0x35 ./Core/Src/LTC681x.o
 .debug_macro   0x000000000001c9b3       0x16 ./Core/Src/LTC681x.o
 .debug_macro   0x000000000001c9c9       0x43 ./Core/Src/LTC681x.o
 .debug_macro   0x000000000001ca0c       0x34 ./Core/Src/LTC681x.o
 .debug_macro   0x000000000001ca40       0x10 ./Core/Src/LTC681x.o
 .debug_macro   0x000000000001ca50       0x58 ./Core/Src/LTC681x.o
 .debug_macro   0x000000000001caa8       0x8e ./Core/Src/LTC681x.o
 .debug_macro   0x000000000001cb36       0x1c ./Core/Src/LTC681x.o
 .debug_macro   0x000000000001cb52      0x177 ./Core/Src/LTC681x.o
 .debug_macro   0x000000000001ccc9      0x369 ./Core/Src/LTC681x.o
 .debug_macro   0x000000000001d032       0x16 ./Core/Src/LTC681x.o
 .debug_macro   0x000000000001d048       0x29 ./Core/Src/LTC681x.o
 .debug_macro   0x000000000001d071      0x213 ./Core/Src/calculations.o
 .debug_macro   0x000000000001d284      0x212 ./Core/Src/can.o
 .debug_macro   0x000000000001d496      0x2e7 ./Core/Src/isoSpi.o
 .debug_macro   0x000000000001d77d       0x16 ./Core/Src/isoSpi.o
 .debug_macro   0x000000000001d793       0x10 ./Core/Src/isoSpi.o
 .debug_macro   0x000000000001d7a3       0x16 ./Core/Src/isoSpi.o
 .debug_macro   0x000000000001d7b9       0x16 ./Core/Src/isoSpi.o
 .debug_macro   0x000000000001d7cf      0x147 ./Core/Src/isoSpi.o
 .debug_macro   0x000000000001d916      0x242 ./Core/Src/main.o
 .debug_macro   0x000000000001db58       0xa0 ./Core/Src/main.o
 .debug_macro   0x000000000001dbf8      0x30c ./Core/Src/operation.o
 .debug_macro   0x000000000001df04      0x227 ./Core/Src/pwm.o
 .debug_macro   0x000000000001e12b      0x1fc ./Core/Src/stm32g4xx_hal_msp.o
 .debug_macro   0x000000000001e327      0x206 ./Core/Src/stm32g4xx_it.o
 .debug_macro   0x000000000001e52d      0x1ed ./Core/Src/system_stm32g4xx.o
 .debug_macro   0x000000000001e71a      0x2f1 ./Core/Src/temp_calc.o
 .debug_macro   0x000000000001ea0b      0x10e ./Core/Src/temp_calc.o
 .debug_macro   0x000000000001eb19       0x8d ./Core/Src/temp_calc.o
 .debug_macro   0x000000000001eba6       0x56 ./Core/Src/temp_calc.o
 .debug_macro   0x000000000001ebfc      0x19b ./Core/Src/temp_calc.o
 .debug_macro   0x000000000001ed97      0x23b ./Drivers/STM32G4xx_HAL_Driver/Src/stm32g4xx_hal.o
 .debug_macro   0x000000000001efd2      0x1ed ./Drivers/STM32G4xx_HAL_Driver/Src/stm32g4xx_hal_cortex.o
 .debug_macro   0x000000000001f1bf      0x2ff ./Drivers/STM32G4xx_HAL_Driver/Src/stm32g4xx_hal_fdcan.o
 .debug_macro   0x000000000001f4be      0x1f4 ./Drivers/STM32G4xx_HAL_Driver/Src/stm32g4xx_hal_gpio.o
 .debug_macro   0x000000000001f6b2      0x217 ./Drivers/STM32G4xx_HAL_Driver/Src/stm32g4xx_hal_pwr_ex.o
 .debug_macro   0x000000000001f8c9      0x22f ./Drivers/STM32G4xx_HAL_Driver/Src/stm32g4xx_hal_rcc.o
 .debug_macro   0x000000000001faf8      0x217 ./Drivers/STM32G4xx_HAL_Driver/Src/stm32g4xx_hal_rcc_ex.o
 .debug_macro   0x000000000001fd0f      0x1f5 ./Drivers/STM32G4xx_HAL_Driver/Src/stm32g4xx_hal_spi.o
 .debug_macro   0x000000000001ff04      0x1f5 ./Drivers/STM32G4xx_HAL_Driver/Src/stm32g4xx_hal_tim.o
 .debug_macro   0x00000000000200f9      0x1f3 ./Drivers/STM32G4xx_HAL_Driver/Src/stm32g4xx_hal_tim_ex.o
 .debug_macro   0x00000000000202ec      0x218 ./Drivers/STM32G4xx_HAL_Driver/Src/stm32g4xx_hal_uart.o
 .debug_macro   0x0000000000020504      0x1f9 ./Drivers/STM32G4xx_HAL_Driver/Src/stm32g4xx_hal_uart_ex.o

.debug_line     0x0000000000000000    0x1b1ae
 .debug_line    0x0000000000000000     0x14ba ./Core/Src/LTC681x.o
 .debug_line    0x00000000000014ba      0xa97 ./Core/Src/calculations.o
 .debug_line    0x0000000000001f51      0xbe0 ./Core/Src/can.o
 .debug_line    0x0000000000002b31      0x9a6 ./Core/Src/isoSpi.o
 .debug_line    0x00000000000034d7      0xadd ./Core/Src/main.o
 .debug_line    0x0000000000003fb4      0xe06 ./Core/Src/operation.o
 .debug_line    0x0000000000004dba      0x7e7 ./Core/Src/pwm.o
 .debug_line    0x00000000000055a1      0x92b ./Core/Src/stm32g4xx_hal_msp.o
 .debug_line    0x0000000000005ecc      0x88e ./Core/Src/stm32g4xx_it.o
 .debug_line    0x000000000000675a      0x81d ./Core/Src/system_stm32g4xx.o
 .debug_line    0x0000000000006f77      0xab3 ./Core/Src/temp_calc.o
 .debug_line    0x0000000000007a2a       0x7b ./Core/Startup/startup_stm32g431kbtx.o
 .debug_line    0x0000000000007aa5      0xbdc ./Drivers/STM32G4xx_HAL_Driver/Src/stm32g4xx_hal.o
 .debug_line    0x0000000000008681      0xd47 ./Drivers/STM32G4xx_HAL_Driver/Src/stm32g4xx_hal_cortex.o
 .debug_line    0x00000000000093c8     0x1941 ./Drivers/STM32G4xx_HAL_Driver/Src/stm32g4xx_hal_fdcan.o
 .debug_line    0x000000000000ad09      0xbd7 ./Drivers/STM32G4xx_HAL_Driver/Src/stm32g4xx_hal_gpio.o
 .debug_line    0x000000000000b8e0      0xd4b ./Drivers/STM32G4xx_HAL_Driver/Src/stm32g4xx_hal_pwr_ex.o
 .debug_line    0x000000000000c62b      0xfa4 ./Drivers/STM32G4xx_HAL_Driver/Src/stm32g4xx_hal_rcc.o
 .debug_line    0x000000000000d5cf     0x116d ./Drivers/STM32G4xx_HAL_Driver/Src/stm32g4xx_hal_rcc_ex.o
 .debug_line    0x000000000000e73c     0x2011 ./Drivers/STM32G4xx_HAL_Driver/Src/stm32g4xx_hal_spi.o
 .debug_line    0x000000000001074d     0x3f46 ./Drivers/STM32G4xx_HAL_Driver/Src/stm32g4xx_hal_tim.o
 .debug_line    0x0000000000014693     0x211c ./Drivers/STM32G4xx_HAL_Driver/Src/stm32g4xx_hal_tim_ex.o
 .debug_line    0x00000000000167af     0x3c00 ./Drivers/STM32G4xx_HAL_Driver/Src/stm32g4xx_hal_uart.o
 .debug_line    0x000000000001a3af      0xdff ./Drivers/STM32G4xx_HAL_Driver/Src/stm32g4xx_hal_uart_ex.o

.debug_str      0x0000000000000000    0xce592
 .debug_str     0x0000000000000000    0xc5d8b ./Core/Src/LTC681x.o
                                      0xc608d (size before relaxing)
 .debug_str     0x00000000000c5d8b      0x2ab ./Core/Src/calculations.o
                                      0xc2e49 (size before relaxing)
 .debug_str     0x00000000000c6036      0x6a5 ./Core/Src/can.o
                                      0xc3401 (size before relaxing)
 .debug_str     0x00000000000c66db      0xc68 ./Core/Src/isoSpi.o
                                      0xc6989 (size before relaxing)
 .debug_str     0x00000000000c7343      0xe6f ./Core/Src/main.o
                                      0xc4429 (size before relaxing)
 .debug_str     0x00000000000c81b2      0x1e3 ./Core/Src/operation.o
                                      0xc642a (size before relaxing)
 .debug_str     0x00000000000c8395       0x61 ./Core/Src/pwm.o
                                      0xc33cb (size before relaxing)
 .debug_str     0x00000000000c83f6      0x704 ./Core/Src/stm32g4xx_hal_msp.o
                                      0xc417c (size before relaxing)
 .debug_str     0x00000000000c8afa       0xf4 ./Core/Src/stm32g4xx_it.o
                                      0xc2f8d (size before relaxing)
 .debug_str     0x00000000000c8bee       0xcb ./Core/Src/system_stm32g4xx.o
                                      0xc2aee (size before relaxing)
 .debug_str     0x00000000000c8cb9      0x826 ./Core/Src/temp_calc.o
                                      0xc662d (size before relaxing)
 .debug_str     0x00000000000c94df       0x34 ./Core/Startup/startup_stm32g431kbtx.o
                                         0x6b (size before relaxing)
 .debug_str     0x00000000000c9513      0x5c8 ./Drivers/STM32G4xx_HAL_Driver/Src/stm32g4xx_hal.o
                                      0xc362d (size before relaxing)
 .debug_str     0x00000000000c9adb      0x313 ./Drivers/STM32G4xx_HAL_Driver/Src/stm32g4xx_hal_cortex.o
                                      0xc32b1 (size before relaxing)
 .debug_str     0x00000000000c9dee     0x1103 ./Drivers/STM32G4xx_HAL_Driver/Src/stm32g4xx_hal_fdcan.o
                                      0xc409d (size before relaxing)
 .debug_str     0x00000000000caef1      0x112 ./Drivers/STM32G4xx_HAL_Driver/Src/stm32g4xx_hal_gpio.o
                                      0xc2c79 (size before relaxing)
 .debug_str     0x00000000000cb003      0x4c6 ./Drivers/STM32G4xx_HAL_Driver/Src/stm32g4xx_hal_pwr_ex.o
                                      0xc2fdc (size before relaxing)
 .debug_str     0x00000000000cb4c9      0x4e0 ./Drivers/STM32G4xx_HAL_Driver/Src/stm32g4xx_hal_rcc.o
                                      0xc31e7 (size before relaxing)
 .debug_str     0x00000000000cb9a9      0x40b ./Drivers/STM32G4xx_HAL_Driver/Src/stm32g4xx_hal_rcc_ex.o
                                      0xc31e8 (size before relaxing)
 .debug_str     0x00000000000cbdb4      0x54e ./Drivers/STM32G4xx_HAL_Driver/Src/stm32g4xx_hal_spi.o
                                      0xc3426 (size before relaxing)
 .debug_str     0x00000000000cc302      0xe85 ./Drivers/STM32G4xx_HAL_Driver/Src/stm32g4xx_hal_tim.o
                                      0xc3fec (size before relaxing)
 .debug_str     0x00000000000cd187      0x7f8 ./Drivers/STM32G4xx_HAL_Driver/Src/stm32g4xx_hal_tim_ex.o
                                      0xc3c60 (size before relaxing)
 .debug_str     0x00000000000cd97f      0x9af ./Drivers/STM32G4xx_HAL_Driver/Src/stm32g4xx_hal_uart.o
                                      0xc3aa9 (size before relaxing)
 .debug_str     0x00000000000ce32e      0x264 ./Drivers/STM32G4xx_HAL_Driver/Src/stm32g4xx_hal_uart_ex.o
                                      0xc32a7 (size before relaxing)

.debug_frame    0x0000000000000000     0x63ac
 .debug_frame   0x0000000000000000      0x3bc ./Core/Src/LTC681x.o
 .debug_frame   0x00000000000003bc      0x100 ./Core/Src/calculations.o
 .debug_frame   0x00000000000004bc      0x16c ./Core/Src/can.o
 .debug_frame   0x0000000000000628       0xc8 ./Core/Src/isoSpi.o
 .debug_frame   0x00000000000006f0      0x118 ./Core/Src/main.o
 .debug_frame   0x0000000000000808      0x28c ./Core/Src/operation.o
 .debug_frame   0x0000000000000a94       0x5c ./Core/Src/pwm.o
 .debug_frame   0x0000000000000af0      0x184 ./Core/Src/stm32g4xx_hal_msp.o
 .debug_frame   0x0000000000000c74      0x120 ./Core/Src/stm32g4xx_it.o