../Core/Src/LTC681x.c:17:6:WakeIdle	8	static
../Core/Src/LTC681x.c:23:6:WakeUp	8	static
../Core/Src/LTC681x.c:37:6:initialize	0	static
../Core/Src/LTC681x.c:42:6:init	16	static
../Core/Src/LTC681x.c:67:10:pec15_calc	12	static
../Core/Src/LTC681x.c:82:6:wrcfg	40	dynamic
../Core/Src/LTC681x.c:132:8:rdcfg	128	static
../Core/Src/LTC681x.c:184:6:wrcfgb	40	dynamic
../Core/Src/LTC681x.c:234:8:rdcfgb	128	static
../Core/Src/LTC681x.c:387:6:rdcv_reg	24	static
../Core/Src/LTC681x.c:287:9:rdcv	192	static
../Core/Src/LTC681x.c:568:1:adcv_delay	0	static
../Core/Src/LTC681x.c:572:6:adax_delay	0	static
../Core/Src/LTC681x.c:580:6:rdaux_reg	24	static
../Core/Src/LTC681x.c:440:8:rdaux	136	static
../Core/Src/LTC681x.c:624:8:parse_cells	16	static
../Core/Src/LTC681x.c:540:8:rdaux1	32	static
../Core/Src/LTC681x.c:670:6:clrcell	16	static
../Core/Src/LTC681x.c:692:6:clraux	16	static
../Core/Src/LTC681x.c:712:8:rdstata	128	static
../Core/Src/LTC681x.c:767:8:rdstatb	128	static
../Core/Src/LTC681x.c:822:6:adcv	16	static
../Core/Src/LTC681x.c:843:6:adax	16	static
../Core/Src/LTC681x.c:863:6:adstat	16	static
