../Core/Src/operation.c:135:6:open_AIR	0	static
../Core/Src/operation.c:139:6:close_AIR	0	static
../Core/Src/operation.c:143:6:close_PRE	0	static
../Core/Src/operation.c:148:6:open_PRE	0	static
../Core/Src/operation.c:153:5:AMS_OK	8	static
../Core/Src/operation.c:195:6:read_IVT	40	static
../Core/Src/operation.c:249:5:check_voltage_match	0	static
../Core/Src/operation.c:223:6:precharge_compare	8	static
../Core/Src/operation.c:348:6:init_slave_cfg	0	static
../Core/Src/operation.c:361:6:cfg_slaves	8	static
../Core/Src/operation.c:270:6:balance_routine	16	static
../Core/Src/operation.c:280:6:empty_disch_cfg	8	static
../Core/Src/operation.c:371:6:increase_pec_counter	0	static
../Core/Src/operation.c:377:6:goto_safe_state	8	static
../Core/Src/operation.c:300:9:read_cell_voltage	16	static
../Core/Src/operation.c:326:9:read_temp_measurement	16	static
../Core/Src/operation.c:406:9:test_limp	16	static
../Core/Src/operation.c:457:8:test_limits	16	static
../Core/Src/operation.c:167:8:core_routine	16	static
../Core/Src/operation.c:60:6:operation_main	16	static
