../Core/Src/LTC681X.c:17:6:WakeIdle	8	static
../Core/Src/LTC681X.c:23:6:WakeUp	8	static
../Core/Src/LTC681X.c:37:6:initialize	16	static
../Core/Src/LTC681X.c:42:6:init	24	static
../Core/Src/LTC681X.c:67:10:pec15_calc	24	static
../Core/Src/LTC681X.c:82:6:wrcfg	64	dynamic
../Core/Src/LTC681X.c:132:8:rdcfg	64	dynamic
../Core/Src/LTC681X.c:184:6:wrcfgb	64	dynamic
../Core/Src/LTC681X.c:234:8:rdcfgb	64	dynamic
../Core/Src/LTC681X.c:287:9:rdcv	72	dynamic
../Core/Src/LTC681X.c:387:6:rdcv_reg	24	static
../Core/Src/LTC681X.c:440:8:rdaux	80	dynamic
../Core/Src/LTC681X.c:540:1:adcv_delay	8	static
../Core/Src/LTC681X.c:544:6:adax_delay	8	static
../Core/Src/LTC681X.c:551:6:rdaux_reg	24	static
../Core/Src/LTC681X.c:598:6:clrcell	16	static
../Core/Src/LTC681X.c:620:6:clraux	16	static
../Core/Src/LTC681X.c:640:8:rdstata	64	dynamic
../Core/Src/LTC681X.c:695:8:rdstatb	64	dynamic
../Core/Src/LTC681X.c:750:6:adcv	16	static
../Core/Src/LTC681X.c:771:6:adax	16	static
../Core/Src/LTC681X.c:790:6:adstat	16	static
