../Core/Src/LTC681X.c:12:6:WakeIdle	8	static
../Core/Src/LTC681X.c:18:6:WakeUp	8	static
../Core/Src/LTC681X.c:32:6:initialize	16	static
../Core/Src/LTC681X.c:37:6:init	24	static
../Core/Src/LTC681X.c:62:10:pec15_calc	24	static
../Core/Src/LTC681X.c:77:6:wrcfg	64	dynamic
../Core/Src/LTC681X.c:127:8:rdcfg	64	dynamic
../Core/Src/LTC681X.c:179:9:rdcv	72	dynamic
../Core/Src/LTC681X.c:280:6:rdcv_reg	24	static
../Core/Src/LTC681X.c:333:8:rdaux	80	dynamic
../Core/Src/LTC681X.c:437:6:rdaux_reg	24	static
../Core/Src/LTC681X.c:484:6:clrcell	16	static
../Core/Src/LTC681X.c:506:6:clraux	16	static
../Core/Src/LTC681X.c:526:8:rdstata	64	dynamic
../Core/Src/LTC681X.c:581:8:rdstatb	64	dynamic
../Core/Src/LTC681X.c:636:6:adcv	16	static
../Core/Src/LTC681X.c:657:6:adax	16	static
../Core/Src/LTC681X.c:676:6:adstat	16	static
