../Core/Src/operation.c:61:6:operation_main	24	static
../Core/Src/operation.c:151:6:open_AIR	8	static
../Core/Src/operation.c:157:6:close_AIR	8	static
../Core/Src/operation.c:162:6:close_PRE	8	static
../Core/Src/operation.c:167:6:open_PRE	8	static
../Core/Src/operation.c:173:5:AMS_OK	16	static
../Core/Src/operation.c:187:6:charge_routine	8	static
../Core/Src/operation.c:210:8:core_routine	16	static
../Core/Src/operation.c:243:6:read_IVT	40	static
../Core/Src/operation.c:271:6:precharge_compare	24	static
../Core/Src/operation.c:297:5:check_voltage_match	24	static
../Core/Src/operation.c:318:6:balance_routine	16	static
../Core/Src/operation.c:328:6:empty_disch_cfg	16	static
../Core/Src/operation.c:348:9:read_cell_voltage	16	static
../Core/Src/operation.c:374:9:read_temp_measurement	16	static
../Core/Src/operation.c:396:6:init_slave_cfg	16	static
../Core/Src/operation.c:409:6:cfg_slaves	8	static
../Core/Src/operation.c:419:6:increase_pec_counter	4	static
../Core/Src/operation.c:425:6:goto_safe_state	16	static
../Core/Src/operation.c:454:9:test_limp	32	static
../Core/Src/operation.c:509:6:set_charge_current	4	static
../Core/Src/operation.c:536:8:test_limits	24	static
