../Core/Src/operation.c:58:6:operation_main	16	static
../Core/Src/operation.c:168:8:core_routine	16	static
../Core/Src/operation.c:182:6:precharge_compare	24	static
../Core/Src/operation.c:206:5:check_voltage_match	24	static
../Core/Src/operation.c:227:6:balance_routine	16	static
../Core/Src/operation.c:237:6:empty_disch_cfg	16	static
../Core/Src/operation.c:257:9:read_cell_voltage	16	static
../Core/Src/operation.c:283:9:read_temp_measurement	16	static
../Core/Src/operation.c:304:6:increase_pec_counter	4	static
../Core/Src/operation.c:307:6:init_slave_cfg	16	static
../Core/Src/operation.c:320:6:cfg_slaves	8	static
