../Core/Src/operation.c:60:6:operation_main	16	static
../Core/Src/operation.c:134:6:open_AIR	8	static
../Core/Src/operation.c:138:6:close_AIR	8	static
../Core/Src/operation.c:142:6:close_PRE	8	static
../Core/Src/operation.c:147:6:open_PRE	8	static
../Core/Src/operation.c:152:5:AMS_OK	16	static
../Core/Src/operation.c:163:8:core_routine	16	static
../Core/Src/operation.c:186:6:read_IVT	40	static
../Core/Src/operation.c:214:6:precharge_compare	24	static
../Core/Src/operation.c:240:5:check_voltage_match	24	static
../Core/Src/operation.c:261:6:balance_routine	16	static
../Core/Src/operation.c:271:6:empty_disch_cfg	16	static
../Core/Src/operation.c:291:9:read_cell_voltage	16	static
../Core/Src/operation.c:317:9:read_temp_measurement	16	static
../Core/Src/operation.c:339:6:init_slave_cfg	16	static
../Core/Src/operation.c:352:6:cfg_slaves	8	static
../Core/Src/operation.c:362:6:increase_pec_counter	4	static
../Core/Src/operation.c:368:6:goto_safe_state	16	static
../Core/Src/operation.c:397:9:test_limp	16	static
../Core/Src/operation.c:424:8:test_limits	24	static
