../Core/Src/operation.c:60:6:operation_main	16	static
../Core/Src/operation.c:133:6:open_AIR	8	static
../Core/Src/operation.c:137:6:close_AIR	8	static
../Core/Src/operation.c:141:6:close_PRE	8	static
../Core/Src/operation.c:146:6:open_PRE	8	static
../Core/Src/operation.c:151:8:core_routine	16	static
../Core/Src/operation.c:169:6:precharge_compare	24	static
../Core/Src/operation.c:200:5:check_voltage_match	24	static
../Core/Src/operation.c:221:6:balance_routine	16	static
../Core/Src/operation.c:231:6:empty_disch_cfg	16	static
../Core/Src/operation.c:251:9:read_cell_voltage	16	static
../Core/Src/operation.c:277:9:read_temp_measurement	16	static
../Core/Src/operation.c:299:6:init_slave_cfg	16	static
../Core/Src/operation.c:312:6:cfg_slaves	8	static
../Core/Src/operation.c:322:6:increase_pec_counter	4	static
../Core/Src/operation.c:328:6:goto_safe_state	16	static
../Core/Src/operation.c:357:9:test_limp	16	static
../Core/Src/operation.c:384:8:test_limits	24	static
