../Core/Src/operation.c:58:6:operation_main	24	static
../Core/Src/operation.c:133:8:core_routine	16	static
../Core/Src/operation.c:148:6:precharge_compare	24	static
../Core/Src/operation.c:172:5:check_voltage_match	24	static
../Core/Src/operation.c:193:6:balance_routine	16	static
../Core/Src/operation.c:203:6:empty_disch_cfg	16	static
../Core/Src/operation.c:223:9:read_cell_voltage	16	static
../Core/Src/operation.c:249:9:read_temp_measurement	16	static
../Core/Src/operation.c:270:6:increase_pec_counter	4	static
../Core/Src/operation.c:273:6:init_slave_cfg	16	static
../Core/Src/operation.c:286:6:cfg_slaves	8	static
../Core/Src/operation.c:296:8:test_limits	24	static
