../Core/Src/operation.c:60:6:operation_main	16	static
../Core/Src/operation.c:135:6:open_AIR	8	static
../Core/Src/operation.c:139:6:close_AIR	8	static
../Core/Src/operation.c:143:6:close_PRE	8	static
../Core/Src/operation.c:148:6:open_PRE	8	static
../Core/Src/operation.c:153:5:AMS_OK	16	static
../Core/Src/operation.c:164:8:core_routine	16	static
../Core/Src/operation.c:187:6:read_IVT	40	static
../Core/Src/operation.c:215:6:precharge_compare	24	static
../Core/Src/operation.c:241:5:check_voltage_match	24	static
../Core/Src/operation.c:262:6:balance_routine	16	static
../Core/Src/operation.c:272:6:empty_disch_cfg	16	static
../Core/Src/operation.c:292:9:read_cell_voltage	16	static
../Core/Src/operation.c:318:9:read_temp_measurement	16	static
../Core/Src/operation.c:340:6:init_slave_cfg	16	static
../Core/Src/operation.c:353:6:cfg_slaves	8	static
../Core/Src/operation.c:363:6:increase_pec_counter	4	static
../Core/Src/operation.c:369:6:goto_safe_state	16	static
../Core/Src/operation.c:398:9:test_limp	32	static
../Core/Src/operation.c:449:8:test_limits	24	static
