../Core/Src/operation.c:48:6:operation_main	8	static
../Core/Src/operation.c:131:6:open_AIR	8	static
../Core/Src/operation.c:137:6:close_AIR	8	static
../Core/Src/operation.c:142:6:close_PRE	8	static
../Core/Src/operation.c:147:6:open_PRE	8	static
../Core/Src/operation.c:153:5:AMS_OK	16	static
../Core/Src/operation.c:169:6:charge_routine	16	static
../Core/Src/operation.c:215:6:core_routine	16	static
../Core/Src/operation.c:249:6:precharge_compare	24	static
../Core/Src/operation.c:280:5:check_voltage_match	24	static
../Core/Src/operation.c:301:6:balance_routine	16	static
../Core/Src/operation.c:310:6:empty_disch_cfg	16	static
../Core/Src/operation.c:330:9:read_cell_voltage	16	static
../Core/Src/operation.c:357:9:read_temp_measurement	16	static
../Core/Src/operation.c:379:6:init_slave_cfg	16	static
../Core/Src/operation.c:392:6:cfg_slaves	8	static
../Core/Src/operation.c:402:6:increase_pec_counter	4	static
../Core/Src/operation.c:408:6:goto_safe_state	16	static
../Core/Src/operation.c:416:6:test_limp	32	static
