../Core/Src/operation.c:60:6:operation_main	24	static
../Core/Src/operation.c:140:6:open_AIR	8	static
../Core/Src/operation.c:144:6:close_AIR	8	static
../Core/Src/operation.c:148:6:close_PRE	8	static
../Core/Src/operation.c:153:6:open_PRE	8	static
../Core/Src/operation.c:158:8:core_routine	16	static
../Core/Src/operation.c:176:6:precharge_compare	24	static
../Core/Src/operation.c:207:5:check_voltage_match	24	static
../Core/Src/operation.c:228:6:balance_routine	16	static
../Core/Src/operation.c:238:6:empty_disch_cfg	16	static
../Core/Src/operation.c:258:9:read_cell_voltage	16	static
../Core/Src/operation.c:284:9:read_temp_measurement	16	static
../Core/Src/operation.c:306:6:init_slave_cfg	16	static
../Core/Src/operation.c:319:6:cfg_slaves	8	static
../Core/Src/operation.c:329:6:increase_pec_counter	4	static
../Core/Src/operation.c:335:6:goto_safe_state	16	static
../Core/Src/operation.c:364:9:test_limp	16	static
../Core/Src/operation.c:391:8:test_limits	24	static
