../Core/Src/operation.c:60:6:operation_main	16	static
../Core/Src/operation.c:144:6:open_AIR	8	static
../Core/Src/operation.c:150:6:close_AIR	8	static
../Core/Src/operation.c:155:6:close_PRE	8	static
../Core/Src/operation.c:160:6:open_PRE	8	static
../Core/Src/operation.c:166:5:AMS_OK	16	static
../Core/Src/operation.c:180:8:core_routine	16	static
../Core/Src/operation.c:213:6:read_IVT	40	static
../Core/Src/operation.c:241:6:precharge_compare	24	static
../Core/Src/operation.c:267:5:check_voltage_match	24	static
../Core/Src/operation.c:288:6:balance_routine	16	static
../Core/Src/operation.c:298:6:empty_disch_cfg	16	static
../Core/Src/operation.c:318:9:read_cell_voltage	16	static
../Core/Src/operation.c:344:9:read_temp_measurement	16	static
../Core/Src/operation.c:366:6:init_slave_cfg	16	static
../Core/Src/operation.c:379:6:cfg_slaves	8	static
../Core/Src/operation.c:389:6:increase_pec_counter	4	static
../Core/Src/operation.c:395:6:goto_safe_state	16	static
../Core/Src/operation.c:424:9:test_limp	32	static
../Core/Src/operation.c:479:6:set_charge_current	4	static
../Core/Src/operation.c:506:8:test_limits	24	static
