../Core/Src/operation.c:61:6:operation_main	16	static
../Core/Src/operation.c:156:6:open_AIR	8	static
../Core/Src/operation.c:162:6:close_AIR	8	static
../Core/Src/operation.c:167:6:close_PRE	8	static
../Core/Src/operation.c:172:6:open_PRE	8	static
../Core/Src/operation.c:178:5:AMS_OK	16	static
../Core/Src/operation.c:192:8:charge_routine	24	static
../Core/Src/operation.c:245:8:core_routine	16	static
../Core/Src/operation.c:282:6:read_IVT	48	static
../Core/Src/operation.c:318:6:precharge_compare	24	static
../Core/Src/operation.c:354:5:check_voltage_match	24	static
../Core/Src/operation.c:375:6:balance_routine	16	static
../Core/Src/operation.c:385:6:empty_disch_cfg	16	static
../Core/Src/operation.c:405:9:read_cell_voltage	16	static
../Core/Src/operation.c:431:9:read_temp_measurement	16	static
../Core/Src/operation.c:453:6:init_slave_cfg	16	static
../Core/Src/operation.c:466:6:cfg_slaves	8	static
../Core/Src/operation.c:476:6:increase_pec_counter	4	static
../Core/Src/operation.c:482:6:goto_safe_state	16	static
../Core/Src/operation.c:490:9:test_limp	32	static
../Core/Src/operation.c:545:6:set_charge_current	4	static
../Core/Src/operation.c:572:8:test_limits	24	static
