../Core/Src/operation.c:58:6:operation_main	16	static
../Core/Src/operation.c:129:8:core_routine	16	static
../Core/Src/operation.c:144:6:precharge_compare	24	static
../Core/Src/operation.c:168:5:check_voltage_match	24	static
../Core/Src/operation.c:189:6:balance_routine	16	static
../Core/Src/operation.c:199:6:empty_disch_cfg	16	static
../Core/Src/operation.c:219:9:read_cell_voltage	16	static
../Core/Src/operation.c:245:9:read_temp_measurement	16	static
../Core/Src/operation.c:266:6:increase_pec_counter	4	static
../Core/Src/operation.c:269:6:init_slave_cfg	16	static
../Core/Src/operation.c:282:6:cfg_slaves	8	static
../Core/Src/operation.c:292:8:test_limits	24	static
