../Core/Src/operation.c:58:6:operation_main	16	static
../Core/Src/operation.c:115:8:core_routine	16	static
../Core/Src/operation.c:129:6:precharge_compare	24	static
../Core/Src/operation.c:153:5:check_voltage_match	24	static
../Core/Src/operation.c:174:6:balance_routine	16	static
../Core/Src/operation.c:184:6:empty_disch_cfg	16	static
../Core/Src/operation.c:204:9:read_cell_voltage	16	static
../Core/Src/operation.c:230:9:read_temp_measurement	16	static
../Core/Src/operation.c:251:6:increase_pec_counter	4	static
../Core/Src/operation.c:254:6:init_slave_cfg	16	static
../Core/Src/operation.c:267:6:cfg_slaves	8	static
