../Core/Src/operation.c:58:6:operation_main	16	static
../Core/Src/operation.c:130:8:core_routine	16	static
../Core/Src/operation.c:145:6:precharge_compare	24	static
../Core/Src/operation.c:169:5:check_voltage_match	24	static
../Core/Src/operation.c:190:6:balance_routine	16	static
../Core/Src/operation.c:200:6:empty_disch_cfg	16	static
../Core/Src/operation.c:220:9:read_cell_voltage	16	static
../Core/Src/operation.c:246:9:read_temp_measurement	16	static
../Core/Src/operation.c:267:6:increase_pec_counter	4	static
../Core/Src/operation.c:270:6:init_slave_cfg	16	static
../Core/Src/operation.c:283:6:cfg_slaves	8	static
../Core/Src/operation.c:293:8:test_limits	24	static
