../Core/Src/operation.c:60:6:operation_main	16	static
../Core/Src/operation.c:134:6:open_AIR	8	static
../Core/Src/operation.c:138:6:close_AIR	8	static
../Core/Src/operation.c:142:6:close_PRE	8	static
../Core/Src/operation.c:147:6:open_PRE	8	static
../Core/Src/operation.c:152:8:core_routine	16	static
../Core/Src/operation.c:173:6:read_IVT	40	static
../Core/Src/operation.c:201:6:precharge_compare	24	static
../Core/Src/operation.c:227:5:check_voltage_match	24	static
../Core/Src/operation.c:248:6:balance_routine	16	static
../Core/Src/operation.c:258:6:empty_disch_cfg	16	static
../Core/Src/operation.c:278:9:read_cell_voltage	16	static
../Core/Src/operation.c:304:9:read_temp_measurement	16	static
../Core/Src/operation.c:326:6:init_slave_cfg	16	static
../Core/Src/operation.c:339:6:cfg_slaves	8	static
../Core/Src/operation.c:349:6:increase_pec_counter	4	static
../Core/Src/operation.c:355:6:goto_safe_state	16	static
../Core/Src/operation.c:384:9:test_limp	16	static
../Core/Src/operation.c:411:8:test_limits	24	static
