../Core/Src/operation.c:61:6:operation_main	16	static
../Core/Src/operation.c:152:6:open_AIR	8	static
../Core/Src/operation.c:158:6:close_AIR	8	static
../Core/Src/operation.c:163:6:close_PRE	8	static
../Core/Src/operation.c:168:6:open_PRE	8	static
../Core/Src/operation.c:174:5:AMS_OK	16	static
../Core/Src/operation.c:188:6:charge_routine	24	static
../Core/Src/operation.c:210:8:core_routine	16	static
../Core/Src/operation.c:247:6:read_IVT	48	static
../Core/Src/operation.c:283:6:precharge_compare	24	static
../Core/Src/operation.c:319:5:check_voltage_match	24	static
../Core/Src/operation.c:340:6:balance_routine	16	static
../Core/Src/operation.c:350:6:empty_disch_cfg	16	static
../Core/Src/operation.c:370:9:read_cell_voltage	16	static
../Core/Src/operation.c:396:9:read_temp_measurement	16	static
../Core/Src/operation.c:418:6:init_slave_cfg	16	static
../Core/Src/operation.c:431:6:cfg_slaves	8	static
../Core/Src/operation.c:441:6:increase_pec_counter	4	static
../Core/Src/operation.c:447:6:goto_safe_state	16	static
../Core/Src/operation.c:455:9:test_limp	32	static
../Core/Src/operation.c:510:6:set_charge_current	4	static
../Core/Src/operation.c:537:8:test_limits	24	static
