../Core/Src/operation.c:61:6:operation_main	16	static
../Core/Src/operation.c:156:6:open_AIR	8	static
../Core/Src/operation.c:162:6:close_AIR	8	static
../Core/Src/operation.c:167:6:close_PRE	8	static
../Core/Src/operation.c:172:6:open_PRE	8	static
../Core/Src/operation.c:178:5:AMS_OK	16	static
../Core/Src/operation.c:192:6:charge_routine	24	static
../Core/Src/operation.c:214:8:core_routine	16	static
../Core/Src/operation.c:251:6:read_IVT	48	static
../Core/Src/operation.c:287:6:precharge_compare	24	static
../Core/Src/operation.c:323:5:check_voltage_match	24	static
../Core/Src/operation.c:344:6:balance_routine	16	static
../Core/Src/operation.c:354:6:empty_disch_cfg	16	static
../Core/Src/operation.c:374:9:read_cell_voltage	16	static
../Core/Src/operation.c:400:9:read_temp_measurement	16	static
../Core/Src/operation.c:422:6:init_slave_cfg	16	static
../Core/Src/operation.c:435:6:cfg_slaves	8	static
../Core/Src/operation.c:445:6:increase_pec_counter	4	static
../Core/Src/operation.c:451:6:goto_safe_state	16	static
../Core/Src/operation.c:459:9:test_limp	32	static
../Core/Src/operation.c:514:6:set_charge_current	4	static
../Core/Src/operation.c:541:8:test_limits	24	static
